Archive member included to satisfy reference by file (symbol)

c:/st/stm32cubeide_1.3.0/stm32cubeide/plugins/com.st.stm32cube.ide.mcu.externaltools.gnu-tools-for-stm32.7-2018-q2-update.win32_1.0.0.201904181610/tools/bin/../lib/gcc/arm-none-eabi/7.3.1/../../../../arm-none-eabi/lib/thumb/v7-m\libc_nano.a(lib_a-errno.o)
                              Core/Src/syscalls.o (__errno)
c:/st/stm32cubeide_1.3.0/stm32cubeide/plugins/com.st.stm32cube.ide.mcu.externaltools.gnu-tools-for-stm32.7-2018-q2-update.win32_1.0.0.201904181610/tools/bin/../lib/gcc/arm-none-eabi/7.3.1/../../../../arm-none-eabi/lib/thumb/v7-m\libc_nano.a(lib_a-exit.o)
                              c:/st/stm32cubeide_1.3.0/stm32cubeide/plugins/com.st.stm32cube.ide.mcu.externaltools.gnu-tools-for-stm32.7-2018-q2-update.win32_1.0.0.201904181610/tools/bin/../lib/gcc/arm-none-eabi/7.3.1/../../../../arm-none-eabi/lib/thumb/v7-m/crt0.o (exit)
c:/st/stm32cubeide_1.3.0/stm32cubeide/plugins/com.st.stm32cube.ide.mcu.externaltools.gnu-tools-for-stm32.7-2018-q2-update.win32_1.0.0.201904181610/tools/bin/../lib/gcc/arm-none-eabi/7.3.1/../../../../arm-none-eabi/lib/thumb/v7-m\libc_nano.a(lib_a-impure.o)
                              c:/st/stm32cubeide_1.3.0/stm32cubeide/plugins/com.st.stm32cube.ide.mcu.externaltools.gnu-tools-for-stm32.7-2018-q2-update.win32_1.0.0.201904181610/tools/bin/../lib/gcc/arm-none-eabi/7.3.1/../../../../arm-none-eabi/lib/thumb/v7-m\libc_nano.a(lib_a-exit.o) (_global_impure_ptr)
c:/st/stm32cubeide_1.3.0/stm32cubeide/plugins/com.st.stm32cube.ide.mcu.externaltools.gnu-tools-for-stm32.7-2018-q2-update.win32_1.0.0.201904181610/tools/bin/../lib/gcc/arm-none-eabi/7.3.1/../../../../arm-none-eabi/lib/thumb/v7-m\libc_nano.a(lib_a-init.o)
                              c:/st/stm32cubeide_1.3.0/stm32cubeide/plugins/com.st.stm32cube.ide.mcu.externaltools.gnu-tools-for-stm32.7-2018-q2-update.win32_1.0.0.201904181610/tools/bin/../lib/gcc/arm-none-eabi/7.3.1/../../../../arm-none-eabi/lib/thumb/v7-m/crt0.o (__libc_init_array)
c:/st/stm32cubeide_1.3.0/stm32cubeide/plugins/com.st.stm32cube.ide.mcu.externaltools.gnu-tools-for-stm32.7-2018-q2-update.win32_1.0.0.201904181610/tools/bin/../lib/gcc/arm-none-eabi/7.3.1/../../../../arm-none-eabi/lib/thumb/v7-m\libc_nano.a(lib_a-memcpy-stub.o)
                              Core/Src/nrf24l01.o (memcpy)
c:/st/stm32cubeide_1.3.0/stm32cubeide/plugins/com.st.stm32cube.ide.mcu.externaltools.gnu-tools-for-stm32.7-2018-q2-update.win32_1.0.0.201904181610/tools/bin/../lib/gcc/arm-none-eabi/7.3.1/../../../../arm-none-eabi/lib/thumb/v7-m\libc_nano.a(lib_a-memset.o)
                              c:/st/stm32cubeide_1.3.0/stm32cubeide/plugins/com.st.stm32cube.ide.mcu.externaltools.gnu-tools-for-stm32.7-2018-q2-update.win32_1.0.0.201904181610/tools/bin/../lib/gcc/arm-none-eabi/7.3.1/../../../../arm-none-eabi/lib/thumb/v7-m/crt0.o (memset)
c:/st/stm32cubeide_1.3.0/stm32cubeide/plugins/com.st.stm32cube.ide.mcu.externaltools.gnu-tools-for-stm32.7-2018-q2-update.win32_1.0.0.201904181610/tools/bin/../lib/gcc/arm-none-eabi/7.3.1/../../../../arm-none-eabi/lib/thumb/v7-m\libc_nano.a(lib_a-s_modf.o)
                              Core/Src/main.o (modf)
c:/st/stm32cubeide_1.3.0/stm32cubeide/plugins/com.st.stm32cube.ide.mcu.externaltools.gnu-tools-for-stm32.7-2018-q2-update.win32_1.0.0.201904181610/tools/bin/../lib/gcc/arm-none-eabi/7.3.1/../../../../arm-none-eabi/lib/thumb/v7-m\libc_nano.a(lib_a-snprintf.o)
                              Core/Src/meteo_home.o (snprintf)
c:/st/stm32cubeide_1.3.0/stm32cubeide/plugins/com.st.stm32cube.ide.mcu.externaltools.gnu-tools-for-stm32.7-2018-q2-update.win32_1.0.0.201904181610/tools/bin/../lib/gcc/arm-none-eabi/7.3.1/../../../../arm-none-eabi/lib/thumb/v7-m\libc_nano.a(lib_a-sprintf.o)
                              Core/Src/main.o (sprintf)
c:/st/stm32cubeide_1.3.0/stm32cubeide/plugins/com.st.stm32cube.ide.mcu.externaltools.gnu-tools-for-stm32.7-2018-q2-update.win32_1.0.0.201904181610/tools/bin/../lib/gcc/arm-none-eabi/7.3.1/../../../../arm-none-eabi/lib/thumb/v7-m\libc_nano.a(lib_a-strlen.o)
                              Core/Src/main.o (strlen)
c:/st/stm32cubeide_1.3.0/stm32cubeide/plugins/com.st.stm32cube.ide.mcu.externaltools.gnu-tools-for-stm32.7-2018-q2-update.win32_1.0.0.201904181610/tools/bin/../lib/gcc/arm-none-eabi/7.3.1/../../../../arm-none-eabi/lib/thumb/v7-m\libc_nano.a(lib_a-nano-svfprintf.o)
                              c:/st/stm32cubeide_1.3.0/stm32cubeide/plugins/com.st.stm32cube.ide.mcu.externaltools.gnu-tools-for-stm32.7-2018-q2-update.win32_1.0.0.201904181610/tools/bin/../lib/gcc/arm-none-eabi/7.3.1/../../../../arm-none-eabi/lib/thumb/v7-m\libc_nano.a(lib_a-snprintf.o) (_svfprintf_r)
c:/st/stm32cubeide_1.3.0/stm32cubeide/plugins/com.st.stm32cube.ide.mcu.externaltools.gnu-tools-for-stm32.7-2018-q2-update.win32_1.0.0.201904181610/tools/bin/../lib/gcc/arm-none-eabi/7.3.1/../../../../arm-none-eabi/lib/thumb/v7-m\libc_nano.a(lib_a-nano-vfprintf_i.o)
[...]
Memory Configuration

Name             Origin             Length             Attributes
RAM              0x0000000020000000 0x0000000000005000 xrw
FLASH            0x0000000008000000 0x0000000000010000 xr
*default*        0x0000000000000000 0xffffffffffffffff

Linker script and memory map

LOAD c:/st/stm32cubeide_1.3.0/stm32cubeide/plugins/com.st.stm32cube.ide.mcu.externaltools.gnu-tools-for-stm32.7-2018-q2-update.win32_1.0.0.201904181610/tools/bin/../lib/gcc/arm-none-eabi/7.3.1/thumb/v7-m/crti.o
LOAD c:/st/stm32cubeide_1.3.0/stm32cubeide/plugins/com.st.stm32cube.ide.mcu.externaltools.gnu-tools-for-stm32.7-2018-q2-update.win32_1.0.0.201904181610/tools/bin/../lib/gcc/arm-none-eabi/7.3.1/thumb/v7-m/crtbegin.o
LOAD c:/st/stm32cubeide_1.3.0/stm32cubeide/plugins/com.st.stm32cube.ide.mcu.externaltools.gnu-tools-for-stm32.7-2018-q2-update.win32_1.0.0.201904181610/tools/bin/../lib/gcc/arm-none-eabi/7.3.1/../../../../arm-none-eabi/lib/thumb/v7-m/crt0.o
LOAD Core/Src/bmp180.o
LOAD Core/Src/freertos.o
LOAD Core/Src/lcd_hd44780_i2c.o
LOAD Core/Src/main.o
LOAD Core/Src/meteo_home.o
LOAD Core/Src/nrf24l01.o
LOAD Core/Src/stm32f1xx_hal_msp.o
LOAD Core/Src/stm32f1xx_hal_timebase_tim.o
LOAD Core/Src/stm32f1xx_it.o
LOAD Core/Src/syscalls.o
LOAD Core/Src/sysmem.o
LOAD Core/Src/system_stm32f1xx.o
LOAD Core/Src/transmitter.o
LOAD Core/Startup/startup_stm32f103c8tx.o
LOAD Drivers/STM32F1xx_HAL_Driver/Src/stm32f1xx_hal.o
LOAD Drivers/STM32F1xx_HAL_Driver/Src/stm32f1xx_hal_cortex.o
LOAD Drivers/STM32F1xx_HAL_Driver/Src/stm32f1xx_hal_dma.o
LOAD Drivers/STM32F1xx_HAL_Driver/Src/stm32f1xx_hal_exti.o
LOAD Drivers/STM32F1xx_HAL_Driver/Src/stm32f1xx_hal_flash.o
LOAD Drivers/STM32F1xx_HAL_Driver/Src/stm32f1xx_hal_flash_ex.o
LOAD Drivers/STM32F1xx_HAL_Driver/Src/stm32f1xx_hal_gpio.o
LOAD Drivers/STM32F1xx_HAL_Driver/Src/stm32f1xx_hal_gpio_ex.o
LOAD Drivers/STM32F1xx_HAL_Driver/Src/stm32f1xx_hal_i2c.o
LOAD Drivers/STM32F1xx_HAL_Driver/Src/stm32f1xx_hal_pwr.o
LOAD Drivers/STM32F1xx_HAL_Driver/Src/stm32f1xx_hal_rcc.o
LOAD Drivers/STM32F1xx_HAL_Driver/Src/stm32f1xx_hal_rcc_ex.o
LOAD Drivers/STM32F1xx_HAL_Driver/Src/stm32f1xx_hal_spi.o
LOAD Drivers/STM32F1xx_HAL_Driver/Src/stm32f1xx_hal_tim.o
LOAD Drivers/STM32F1xx_HAL_Driver/Src/stm32f1xx_hal_tim_ex.o
LOAD Middlewares/Third_Party/FreeRTOS/Source/CMSIS_RTOS/cmsis_os.o
LOAD Middlewares/Third_Party/FreeRTOS/Source/croutine.o
LOAD Middlewares/Third_Party/FreeRTOS/Source/event_groups.o
LOAD Middlewares/Third_Party/FreeRTOS/Source/list.o
LOAD Middlewares/Third_Party/FreeRTOS/Source/queue.o
LOAD Middlewares/Third_Party/FreeRTOS/Source/stream_buffer.o
LOAD Middlewares/Third_Party/FreeRTOS/Source/tasks.o
LOAD Middlewares/Third_Party/FreeRTOS/Source/timers.o
LOAD Middlewares/Third_Party/FreeRTOS/Source/portable/GCC/ARM_CM3/port.o
LOAD Middlewares/Third_Party/FreeRTOS/Source/portable/MemMang/heap_4.o
START GROUP
LOAD c:/st/stm32cubeide_1.3.0/stm32cubeide/plugins/com.st.stm32cube.ide.mcu.externaltools.gnu-tools-for-stm32.7-2018-q2-update.win32_1.0.0.201904181610/tools/bin/../lib/gcc/arm-none-eabi/7.3.1/../../../../arm-none-eabi/lib/thumb/v7-m\libc_nano.a
LOAD c:/st/stm32cubeide_1.3.0/stm32cubeide/plugins/com.st.stm32cube.ide.mcu.externaltools.gnu-tools-for-stm32.7-2018-q2-update.win32_1.0.0.201904181610/tools/bin/../lib/gcc/arm-none-eabi/7.3.1/../../../../arm-none-eabi/lib/thumb/v7-m\libm.a
END GROUP
START GROUP
LOAD c:/st/stm32cubeide_1.3.0/stm32cubeide/plugins/com.st.stm32cube.ide.mcu.externaltools.gnu-tools-for-stm32.7-2018-q2-update.win32_1.0.0.201904181610/tools/bin/../lib/gcc/arm-none-eabi/7.3.1/thumb/v7-m\libgcc.a
LOAD c:/st/stm32cubeide_1.3.0/stm32cubeide/plugins/com.st.stm32cube.ide.mcu.externaltools.gnu-tools-for-stm32.7-2018-q2-update.win32_1.0.0.201904181610/tools/bin/../lib/gcc/arm-none-eabi/7.3.1/../../../../arm-none-eabi/lib/thumb/v7-m\libc_nano.a
END GROUP
START GROUP
LOAD c:/st/stm32cubeide_1.3.0/stm32cubeide/plugins/com.st.stm32cube.ide.mcu.externaltools.gnu-tools-for-stm32.7-2018-q2-update.win32_1.0.0.201904181610/tools/bin/../lib/gcc/arm-none-eabi/7.3.1/thumb/v7-m\libgcc.a
LOAD c:/st/stm32cubeide_1.3.0/stm32cubeide/plugins/com.st.stm32cube.ide.mcu.externaltools.gnu-tools-for-stm32.7-2018-q2-update.win32_1.0.0.201904181610/tools/bin/../lib/gcc/arm-none-eabi/7.3.1/../../../../arm-none-eabi/lib/thumb/v7-m\libc_nano.a
LOAD c:/st/stm32cubeide_1.3.0/stm32cubeide/plugins/com.st.stm32cube.ide.mcu.externaltools.gnu-tools-for-stm32.7-2018-q2-update.win32_1.0.0.201904181610/tools/bin/../lib/gcc/arm-none-eabi/7.3.1/../../../../arm-none-eabi/lib/thumb/v7-m\libnosys.a
END GROUP
START GROUP
LOAD c:/st/stm32cubeide_1.3.0/stm32cubeide/plugins/com.st.stm32cube.ide.mcu.externaltools.gnu-tools-for-stm32.7-2018-q2-update.win32_1.0.0.201904181610/tools/bin/../lib/gcc/arm-none-eabi/7.3.1/thumb/v7-m\libgcc.a
LOAD c:/st/stm32cubeide_1.3.0/stm32cubeide/plugins/com.st.stm32cube.ide.mcu.externaltools.gnu-tools-for-stm32.7-2018-q2-update.win32_1.0.0.201904181610/tools/bin/../lib/gcc/arm-none-eabi/7.3.1/../../../../arm-none-eabi/lib/thumb/v7-m\libc_nano.a
LOAD c:/st/stm32cubeide_1.3.0/stm32cubeide/plugins/com.st.stm32cube.ide.mcu.externaltools.gnu-tools-for-stm32.7-2018-q2-update.win32_1.0.0.201904181610/tools/bin/../lib/gcc/arm-none-eabi/7.3.1/../../../../arm-none-eabi/lib/thumb/v7-m\libnosys.a
END GROUP
LOAD c:/st/stm32cubeide_1.3.0/stm32cubeide/plugins/com.st.stm32cube.ide.mcu.externaltools.gnu-tools-for-stm32.7-2018-q2-update.win32_1.0.0.201904181610/tools/bin/../lib/gcc/arm-none-eabi/7.3.1/thumb/v7-m/crtend.o
LOAD c:/st/stm32cubeide_1.3.0/stm32cubeide/plugins/com.st.stm32cube.ide.mcu.externaltools.gnu-tools-for-stm32.7-2018-q2-update.win32_1.0.0.201904181610/tools/bin/../lib/gcc/arm-none-eabi/7.3.1/thumb/v7-m/crtn.o
                0x0000000020005000                _estack = (ORIGIN (RAM) + LENGTH (RAM))
                0x0000000000000200                _Min_Heap_Size = 0x200
                0x0000000000000400                _Min_Stack_Size = 0x400

.isr_vector     0x0000000008000000      0x10c
                0x0000000008000000                . = ALIGN (0x4)
 *(.isr_vector)
 .isr_vector    0x0000000008000000      0x10c Core/Startup/startup_stm32f103c8tx.o
                0x0000000008000000                g_pfnVectors
                0x000000000800010c                . = ALIGN (0x4)

.text           0x0000000008000110     0xb08c
                0x0000000008000110                . = ALIGN (0x4)
 *(.text)
 .text          0x0000000008000110       0x40 c:/st/stm32cubeide_1.3.0/stm32cubeide/plugins/com.st.stm32cube.ide.mcu.externaltools.gnu-tools-for-stm32.7-2018-q2-update.win32_1.0.0.201904181610/tools/bin/../lib/gcc/arm-none-eabi/7.3.1/thumb/v7-m/crtbegin.o
 .text          0x0000000008000150       0x10 c:/st/stm32cubeide_1.3.0/stm32cubeide/plugins/com.st.stm32cube.ide.mcu.externaltools.gnu-tools-for-stm32.7-2018-q2-update.win32_1.0.0.201904181610/tools/bin/../lib/gcc/arm-none-eabi/7.3.1/../../../../arm-none-eabi/lib/thumb/v7-m\libc_nano.a(lib_a-strlen.o)
                0x0000000008000150                strlen
 .text          0x0000000008000160      0x378 c:/st/stm32cubeide_1.3.0/stm32cubeide/plugins/com.st.stm32cube.ide.mcu.externaltools.gnu-tools-for-stm32.7-2018-q2-update.win32_1.0.0.201904181610/tools/bin/../lib/gcc/arm-none-eabi/7.3.1/thumb/v7-m\libgcc.a(_arm_addsubdf3.o)
                0x0000000008000160                __aeabi_drsub
                0x0000000008000168                __aeabi_dsub
                0x0000000008000168                __subdf3
                0x000000000800016c                __aeabi_dadd
                0x000000000800016c                __adddf3
                0x00000000080003e4                __floatunsidf
                0x00000000080003e4                __aeabi_ui2d
                0x0000000008000404                __floatsidf
                0x0000000008000404                __aeabi_i2d
                0x0000000008000428                __aeabi_f2d
                0x0000000008000428                __extendsfdf2
                0x000000000800046c                __floatundidf
                0x000000000800046c                __aeabi_ul2d
                0x000000000800047c                __floatdidf
                0x000000000800047c                __aeabi_l2d
 .text          0x00000000080004d8      0x424 c:/st/stm32cubeide_1.3.0/stm32cubeide/plugins/com.st.stm32cube.ide.mcu.externaltools.gnu-tools-for-stm32.7-2018-q2-update.win32_1.0.0.201904181610/tools/bin/../lib/gcc/arm-none-eabi/7.3.1/thumb/v7-m\libgcc.a(_arm_muldivdf3.o)
                0x00000000080004d8                __aeabi_dmul
                0x00000000080004d8                __muldf3
                0x000000000800072c                __divdf3
                0x000000000800072c                __aeabi_ddiv
 .text          0x00000000080008fc       0xa0 c:/st/stm32cubeide_1.3.0/stm32cubeide/plugins/com.st.stm32cube.ide.mcu.externaltools.gnu-tools-for-stm32.7-2018-q2-update.win32_1.0.0.201904181610/tools/bin/../lib/gcc/arm-none-eabi/7.3.1/thumb/v7-m\libgcc.a(_arm_truncdfsf2.o)
                0x00000000080008fc                __truncdfsf2
                0x00000000080008fc                __aeabi_d2f
 .text          0x000000000800099c      0x21c c:/st/stm32cubeide_1.3.0/stm32cubeide/plugins/com.st.stm32cube.ide.mcu.externaltools.gnu-tools-for-stm32.7-2018-q2-update.win32_1.0.0.201904181610/tools/bin/../lib/gcc/arm-none-eabi/7.3.1/thumb/v7-m\libgcc.a(_arm_addsubsf3.o)
                0x000000000800099c                __aeabi_frsub
                0x00000000080009a4                __subsf3
                0x00000000080009a4                __aeabi_fsub
                0x00000000080009a8                __aeabi_fadd
                0x00000000080009a8                __addsf3
                0x0000000008000b08                __aeabi_ui2f
                0x0000000008000b08                __floatunsisf
                0x0000000008000b10                __aeabi_i2f
                0x0000000008000b10                __floatsisf
                0x0000000008000b2c                __aeabi_ul2f
                0x0000000008000b2c                __floatundisf
                0x0000000008000b3c                __aeabi_l2f
                0x0000000008000b3c                __floatdisf
 .text          0x0000000008000bb8      0x2a0 c:/st/stm32cubeide_1.3.0/stm32cubeide/plugins/com.st.stm32cube.ide.mcu.externaltools.gnu-tools-for-stm32.7-2018-q2-update.win32_1.0.0.201904181610/tools/bin/../lib/gcc/arm-none-eabi/7.3.1/thumb/v7-m\libgcc.a(_arm_muldivsf3.o)
                0x0000000008000bb8                __mulsf3
                0x0000000008000bb8                __aeabi_fmul
                0x0000000008000d20                __aeabi_fdiv
                0x0000000008000d20                __divsf3
 .text          0x0000000008000e58       0x4c c:/st/stm32cubeide_1.3.0/stm32cubeide/plugins/com.st.stm32cube.ide.mcu.externaltools.gnu-tools-for-stm32.7-2018-q2-update.win32_1.0.0.201904181610/tools/bin/../lib/gcc/arm-none-eabi/7.3.1/thumb/v7-m\libgcc.a(_arm_fixsfsi.o)
                0x0000000008000e58                __aeabi_f2iz
                0x0000000008000e58                __fixsfsi
 .text          0x0000000008000ea4       0x40 c:/st/stm32cubeide_1.3.0/stm32cubeide/plugins/com.st.stm32cube.ide.mcu.externaltools.gnu-tools-for-stm32.7-2018-q2-update.win32_1.0.0.201904181610/tools/bin/../lib/gcc/arm-none-eabi/7.3.1/thumb/v7-m\libgcc.a(_arm_fixunssfsi.o)
                0x0000000008000ea4                __fixunssfsi
                0x0000000008000ea4                __aeabi_f2uiz
 *(.text*)
 .text.BMP_i2c_init
                0x0000000008000ee4      0x150 Core/Src/bmp180.o
                0x0000000008000ee4                BMP_i2c_init
 .text.BMP_readBytes
                0x0000000008001034       0xec Core/Src/bmp180.o
                0x0000000008001034                BMP_readBytes
 .text.BMP_setControl
                0x0000000008001120       0x80 Core/Src/bmp180.o
                0x0000000008001120                BMP_setControl
 .text.BMP_getMeasurement2
                0x00000000080011a0       0x3c Core/Src/bmp180.o
                0x00000000080011a0                BMP_getMeasurement2
 .text.BMP_getMeasurement3
                0x00000000080011dc       0x3c Core/Src/bmp180.o
                0x00000000080011dc                BMP_getMeasurement3
 .text.BMP_getMeasureDelayMilliseconds
                0x0000000008001218       0x64 Core/Src/bmp180.o
                0x0000000008001218                BMP_getMeasureDelayMilliseconds
 .text.BMP_getRawTemperature
                0x000000000800127c       0x20 Core/Src/bmp180.o
                0x000000000800127c                BMP_getRawTemperature
 .text.BMP_getTemperatureC
                0x000000000800129c       0x84 Core/Src/bmp180.o
                0x000000000800129c                BMP_getTemperatureC
 .text.BMP_getRawPressure
                0x0000000008001320       0x34 Core/Src/bmp180.o
                0x0000000008001320                BMP_getRawPressure
 .text.BMP_getPressure
                0x0000000008001354      0x158 Core/Src/bmp180.o
                0x0000000008001354                BMP_getPressure
 .text.vApplicationStackOverflowHook
                0x00000000080014ac       0x14 Core/Src/freertos.o
                0x00000000080014ac                vApplicationStackOverflowHook
 .text.vApplicationGetIdleTaskMemory
                0x00000000080014c0       0x30 Core/Src/freertos.o
                0x00000000080014c0                vApplicationGetIdleTaskMemory
 .text.vApplicationGetTimerTaskMemory
                0x00000000080014f0       0x30 Core/Src/freertos.o
                0x00000000080014f0                vApplicationGetTimerTaskMemory
 .text.lcdInit  0x0000000008001520      0x164 Core/Src/lcd_hd44780_i2c.o
                0x0000000008001520                lcdInit
 .text.lcdCommand
                0x0000000008001684      0x1f4 Core/Src/lcd_hd44780_i2c.o
                0x0000000008001684                lcdCommand
 .text.lcdSetCursorPosition
                0x0000000008001878       0x58 Core/Src/lcd_hd44780_i2c.o
                0x0000000008001878                lcdSetCursorPosition
 .text.lcdPrintStr
                0x00000000080018d0       0x42 Core/Src/lcd_hd44780_i2c.o
                0x00000000080018d0                lcdPrintStr
 *fill*         0x0000000008001912        0x2 
 .text.lcdWriteByte
                0x0000000008001914       0xe4 Core/Src/lcd_hd44780_i2c.o
 .text.main     0x00000000080019f8      0x19c Core/Src/main.o
                0x00000000080019f8                main
 .text.SystemClock_Config
                0x0000000008001b94       0x8a Core/Src/main.o
                0x0000000008001b94                SystemClock_Config
 *fill*         0x0000000008001c1e        0x2 
 .text.MX_I2C1_Init
                0x0000000008001c20       0x5c Core/Src/main.o
 .text.MX_SPI1_Init
                0x0000000008001c7c       0x6c Core/Src/main.o
 .text.MX_DMA_Init
                0x0000000008001ce8       0x4c Core/Src/main.o
 .text.MX_GPIO_Init
                0x0000000008001d34      0x100 Core/Src/main.o
 .text.I2C_Error
                0x0000000008001e34       0x14 Core/Src/main.o
                0x0000000008001e34                I2C_Error
 .text.StartDefaultTask
                0x0000000008001e48       0xd8 Core/Src/main.o
                0x0000000008001e48                StartDefaultTask
 .text.StartLcd1602
                0x0000000008001f20      0x18c Core/Src/main.o
                0x0000000008001f20                StartLcd1602
 *fill*         0x00000000080020ac        0x4 
 .text.StartBmp180Sensor
                0x00000000080020b0       0xcc Core/Src/main.o
                0x00000000080020b0                StartBmp180Sensor
 *fill*         0x000000000800217c        0x4 
 .text.StartRadio
                0x0000000008002180       0x90 Core/Src/main.o
                0x0000000008002180                StartRadio
 .text.CallbackTimerClock
                0x0000000008002210       0x34 Core/Src/main.o
                0x0000000008002210                CallbackTimerClock
 .text.HAL_TIM_PeriodElapsedCallback
                0x0000000008002244       0x24 Core/Src/main.o
                0x0000000008002244                HAL_TIM_PeriodElapsedCallback
 .text.Error_Handler
                0x0000000008002268        0xc Core/Src/main.o
                0x0000000008002268                Error_Handler
 .text.delay_us
                0x0000000008002274       0x44 Core/Src/nrf24l01.o
                0x0000000008002274                delay_us
 .text.csn      0x00000000080022b8       0x2c Core/Src/nrf24l01.o
                0x00000000080022b8                csn
 .text.ce       0x00000000080022e4       0x24 Core/Src/nrf24l01.o
                0x00000000080022e4                ce
 .text.read_register
                0x0000000008002308       0x5c Core/Src/nrf24l01.o
                0x0000000008002308                read_register
 .text.write_registerMy
                0x0000000008002364       0x60 Core/Src/nrf24l01.o
                0x0000000008002364                write_registerMy
 .text.write_register
                0x00000000080023c4       0x60 Core/Src/nrf24l01.o
                0x00000000080023c4                write_register
 .text.flush_rx
                0x0000000008002424       0x10 Core/Src/nrf24l01.o
                0x0000000008002424                flush_rx
 .text.flush_tx
                0x0000000008002434       0x10 Core/Src/nrf24l01.o
                0x0000000008002434                flush_tx
 .text.spiTrans
                0x0000000008002444       0x3c Core/Src/nrf24l01.o
                0x0000000008002444                spiTrans
 .text.setChannel
                0x0000000008002480       0x1c Core/Src/nrf24l01.o
                0x0000000008002480                setChannel
 .text.setPayloadSize
                0x000000000800249c       0x28 Core/Src/nrf24l01.o
                0x000000000800249c                setPayloadSize
 .text.NRF_Init
                0x00000000080024c4       0xec Core/Src/nrf24l01.o
                0x00000000080024c4                NRF_Init
 .text.isChipConnected
                0x00000000080025b0       0x2a Core/Src/nrf24l01.o
                0x00000000080025b0                isChipConnected
 .text.powerUp  0x00000000080025da       0x38 Core/Src/nrf24l01.o
                0x00000000080025da                powerUp
 *fill*         0x0000000008002612        0x2 
 .text.openWritingPipe
                0x0000000008002614       0x44 Core/Src/nrf24l01.o
                0x0000000008002614                openWritingPipe
 .text.toggle_features
                0x0000000008002658       0x40 Core/Src/nrf24l01.o
                0x0000000008002658                toggle_features
 .text.enableDynamicPayloads
                0x0000000008002698       0x40 Core/Src/nrf24l01.o
                0x0000000008002698                enableDynamicPayloads
 .text.enableAckPayload
                0x00000000080026d8       0x40 Core/Src/nrf24l01.o
                0x00000000080026d8                enableAckPayload
 .text.setPALevel
                0x0000000008002718       0x44 Core/Src/nrf24l01.o
                0x0000000008002718                setPALevel
 .text.setDataRate
                0x000000000800275c       0x80 Core/Src/nrf24l01.o
                0x000000000800275c                setDataRate
 .text.setRetries
                0x00000000080027dc       0x36 Core/Src/nrf24l01.o
                0x00000000080027dc                setRetries
 *fill*         0x0000000008002812        0x2 
 .text.HAL_MspInit
                0x0000000008002814       0x70 Core/Src/stm32f1xx_hal_msp.o
                0x0000000008002814                HAL_MspInit
 .text.HAL_I2C_MspInit
                0x0000000008002884      0x144 Core/Src/stm32f1xx_hal_msp.o
                0x0000000008002884                HAL_I2C_MspInit
 .text.HAL_SPI_MspInit
                0x00000000080029c8       0x94 Core/Src/stm32f1xx_hal_msp.o
                0x00000000080029c8                HAL_SPI_MspInit
 .text.HAL_InitTick
                0x0000000008002a5c       0xb0 Core/Src/stm32f1xx_hal_timebase_tim.o
                0x0000000008002a5c                HAL_InitTick
 .text.NMI_Handler
                0x0000000008002b0c        0xc Core/Src/stm32f1xx_it.o
                0x0000000008002b0c                NMI_Handler
 .text.HardFault_Handler
                0x0000000008002b18        0x6 Core/Src/stm32f1xx_it.o
                0x0000000008002b18                HardFault_Handler
 .text.MemManage_Handler
                0x0000000008002b1e        0x6 Core/Src/stm32f1xx_it.o
                0x0000000008002b1e                MemManage_Handler
 .text.BusFault_Handler
                0x0000000008002b24        0x6 Core/Src/stm32f1xx_it.o
                0x0000000008002b24                BusFault_Handler
 .text.UsageFault_Handler
                0x0000000008002b2a        0x6 Core/Src/stm32f1xx_it.o
                0x0000000008002b2a                UsageFault_Handler
 .text.DebugMon_Handler
                0x0000000008002b30        0xc Core/Src/stm32f1xx_it.o
                0x0000000008002b30                DebugMon_Handler
 .text.DMA1_Channel6_IRQHandler
                0x0000000008002b3c       0x14 Core/Src/stm32f1xx_it.o
                0x0000000008002b3c                DMA1_Channel6_IRQHandler
 .text.DMA1_Channel7_IRQHandler
                0x0000000008002b50       0x14 Core/Src/stm32f1xx_it.o
                0x0000000008002b50                DMA1_Channel7_IRQHandler
 .text.TIM4_IRQHandler
                0x0000000008002b64       0x14 Core/Src/stm32f1xx_it.o
                0x0000000008002b64                TIM4_IRQHandler
 .text.I2C1_EV_IRQHandler
                0x0000000008002b78       0x14 Core/Src/stm32f1xx_it.o
                0x0000000008002b78                I2C1_EV_IRQHandler
 .text.I2C1_ER_IRQHandler
                0x0000000008002b8c       0x14 Core/Src/stm32f1xx_it.o
                0x0000000008002b8c                I2C1_ER_IRQHandler
 .text._sbrk    0x0000000008002ba0       0x58 Core/Src/sysmem.o
                0x0000000008002ba0                _sbrk
 .text.SystemInit
                0x0000000008002bf8       0x68 Core/Src/system_stm32f1xx.o
                0x0000000008002bf8                SystemInit
 .text.Reset_Handler
                0x0000000008002c60       0x48 Core/Startup/startup_stm32f103c8tx.o
                0x0000000008002c60                Reset_Handler
 .text.Default_Handler
                0x0000000008002ca8        0x2 Core/Startup/startup_stm32f103c8tx.o
                0x0000000008002ca8                RTC_Alarm_IRQHandler
                0x0000000008002ca8                EXTI2_IRQHandler
                0x0000000008002ca8                TIM1_CC_IRQHandler
                0x0000000008002ca8                PVD_IRQHandler
                0x0000000008002ca8                EXTI3_IRQHandler
                0x0000000008002ca8                EXTI0_IRQHandler
                0x0000000008002ca8                I2C2_EV_IRQHandler
                0x0000000008002ca8                ADC1_2_IRQHandler
                0x0000000008002ca8                SPI1_IRQHandler
                0x0000000008002ca8                TAMPER_IRQHandler
                0x0000000008002ca8                DMA1_Channel4_IRQHandler
                0x0000000008002ca8                USART3_IRQHandler
                0x0000000008002ca8                RTC_IRQHandler
                0x0000000008002ca8                CAN1_RX1_IRQHandler
                0x0000000008002ca8                TIM3_IRQHandler
                0x0000000008002ca8                RCC_IRQHandler
                0x0000000008002ca8                TIM1_TRG_COM_IRQHandler
                0x0000000008002ca8                DMA1_Channel1_IRQHandler
                0x0000000008002ca8                Default_Handler
                0x0000000008002ca8                EXTI15_10_IRQHandler
                0x0000000008002ca8                EXTI9_5_IRQHandler
                0x0000000008002ca8                SPI2_IRQHandler
                0x0000000008002ca8                DMA1_Channel5_IRQHandler
                0x0000000008002ca8                EXTI4_IRQHandler
                0x0000000008002ca8                USB_LP_CAN1_RX0_IRQHandler
                0x0000000008002ca8                USB_HP_CAN1_TX_IRQHandler
                0x0000000008002ca8                DMA1_Channel3_IRQHandler
                0x0000000008002ca8                TIM1_UP_IRQHandler
                0x0000000008002ca8                WWDG_IRQHandler
                0x0000000008002ca8                TIM2_IRQHandler
                0x0000000008002ca8                TIM1_BRK_IRQHandler
                0x0000000008002ca8                EXTI1_IRQHandler
                0x0000000008002ca8                USART2_IRQHandler
                0x0000000008002ca8                I2C2_ER_IRQHandler
                0x0000000008002ca8                DMA1_Channel2_IRQHandler
                0x0000000008002ca8                CAN1_SCE_IRQHandler
                0x0000000008002ca8                FLASH_IRQHandler
                0x0000000008002ca8                USART1_IRQHandler
                0x0000000008002ca8                USBWakeUp_IRQHandler
 *fill*         0x0000000008002caa        0x2 
 .text.HAL_Init
                0x0000000008002cac       0x2c Drivers/STM32F1xx_HAL_Driver/Src/stm32f1xx_hal.o
                0x0000000008002cac                HAL_Init
 .text.HAL_IncTick
                0x0000000008002cd8       0x24 Drivers/STM32F1xx_HAL_Driver/Src/stm32f1xx_hal.o
                0x0000000008002cd8                HAL_IncTick
 .text.HAL_GetTick
                0x0000000008002cfc       0x14 Drivers/STM32F1xx_HAL_Driver/Src/stm32f1xx_hal.o
                0x0000000008002cfc                HAL_GetTick
 .text.HAL_Delay
                0x0000000008002d10       0x44 Drivers/STM32F1xx_HAL_Driver/Src/stm32f1xx_hal.o
                0x0000000008002d10                HAL_Delay
 .text.__NVIC_SetPriorityGrouping
                0x0000000008002d54       0x48 Drivers/STM32F1xx_HAL_Driver/Src/stm32f1xx_hal_cortex.o
 .text.__NVIC_GetPriorityGrouping
                0x0000000008002d9c       0x1c Drivers/STM32F1xx_HAL_Driver/Src/stm32f1xx_hal_cortex.o
 .text.__NVIC_EnableIRQ
                0x0000000008002db8       0x38 Drivers/STM32F1xx_HAL_Driver/Src/stm32f1xx_hal_cortex.o
 .text.__NVIC_SetPriority
                0x0000000008002df0       0x54 Drivers/STM32F1xx_HAL_Driver/Src/stm32f1xx_hal_cortex.o
 .text.NVIC_EncodePriority
                0x0000000008002e44       0x64 Drivers/STM32F1xx_HAL_Driver/Src/stm32f1xx_hal_cortex.o
 .text.HAL_NVIC_SetPriorityGrouping
                0x0000000008002ea8       0x16 Drivers/STM32F1xx_HAL_Driver/Src/stm32f1xx_hal_cortex.o
                0x0000000008002ea8                HAL_NVIC_SetPriorityGrouping
 .text.HAL_NVIC_SetPriority
                0x0000000008002ebe       0x38 Drivers/STM32F1xx_HAL_Driver/Src/stm32f1xx_hal_cortex.o
                0x0000000008002ebe                HAL_NVIC_SetPriority
 .text.HAL_NVIC_EnableIRQ
                0x0000000008002ef6       0x1c Drivers/STM32F1xx_HAL_Driver/Src/stm32f1xx_hal_cortex.o
                0x0000000008002ef6                HAL_NVIC_EnableIRQ
 *fill*         0x0000000008002f12        0x2 
 .text.HAL_DMA_Init
                0x0000000008002f14       0xb4 Drivers/STM32F1xx_HAL_Driver/Src/stm32f1xx_hal_dma.o
                0x0000000008002f14                HAL_DMA_Init
 .text.HAL_DMA_Start_IT
                0x0000000008002fc8       0xbe Drivers/STM32F1xx_HAL_Driver/Src/stm32f1xx_hal_dma.o
                0x0000000008002fc8                HAL_DMA_Start_IT
 *fill*         0x0000000008003086        0x2 
 .text.HAL_DMA_Abort_IT
                0x0000000008003088       0xec Drivers/STM32F1xx_HAL_Driver/Src/stm32f1xx_hal_dma.o
                0x0000000008003088                HAL_DMA_Abort_IT
 .text.HAL_DMA_IRQHandler
                0x0000000008003174      0x20c Drivers/STM32F1xx_HAL_Driver/Src/stm32f1xx_hal_dma.o
                0x0000000008003174                HAL_DMA_IRQHandler
 .text.HAL_DMA_GetState
                0x0000000008003380       0x18 Drivers/STM32F1xx_HAL_Driver/Src/stm32f1xx_hal_dma.o
                0x0000000008003380                HAL_DMA_GetState
 .text.DMA_SetConfig
                0x0000000008003398       0x5a Drivers/STM32F1xx_HAL_Driver/Src/stm32f1xx_hal_dma.o
 *fill*         0x00000000080033f2        0x2 
 .text.HAL_GPIO_Init
                0x00000000080033f4      0x2b4 Drivers/STM32F1xx_HAL_Driver/Src/stm32f1xx_hal_gpio.o
                0x00000000080033f4                HAL_GPIO_Init
 .text.HAL_GPIO_WritePin
                0x00000000080036a8       0x30 Drivers/STM32F1xx_HAL_Driver/Src/stm32f1xx_hal_gpio.o
                0x00000000080036a8                HAL_GPIO_WritePin
 .text.HAL_GPIO_TogglePin
                0x00000000080036d8       0x30 Drivers/STM32F1xx_HAL_Driver/Src/stm32f1xx_hal_gpio.o
                0x00000000080036d8                HAL_GPIO_TogglePin
 .text.HAL_I2C_Init
                0x0000000008003708      0x250 Drivers/STM32F1xx_HAL_Driver/Src/stm32f1xx_hal_i2c.o
                0x0000000008003708                HAL_I2C_Init
 .text.HAL_I2C_Master_Transmit
                0x0000000008003958      0x1fc Drivers/STM32F1xx_HAL_Driver/Src/stm32f1xx_hal_i2c.o
                0x0000000008003958                HAL_I2C_Master_Transmit
 .text.HAL_I2C_Master_Receive
                0x0000000008003b54      0x45c Drivers/STM32F1xx_HAL_Driver/Src/stm32f1xx_hal_i2c.o
                0x0000000008003b54                HAL_I2C_Master_Receive
 .text.HAL_I2C_Master_Transmit_DMA
                0x0000000008003fb0      0x21c Drivers/STM32F1xx_HAL_Driver/Src/stm32f1xx_hal_i2c.o
                0x0000000008003fb0                HAL_I2C_Master_Transmit_DMA
 .text.HAL_I2C_Mem_Write
                0x00000000080041cc      0x1f4 Drivers/STM32F1xx_HAL_Driver/Src/stm32f1xx_hal_i2c.o
                0x00000000080041cc                HAL_I2C_Mem_Write
 .text.HAL_I2C_EV_IRQHandler
                0x00000000080043c0      0x2cc Drivers/STM32F1xx_HAL_Driver/Src/stm32f1xx_hal_i2c.o
                0x00000000080043c0                HAL_I2C_EV_IRQHandler
 .text.HAL_I2C_ER_IRQHandler
                0x000000000800468c      0x15a Drivers/STM32F1xx_HAL_Driver/Src/stm32f1xx_hal_i2c.o
                0x000000000800468c                HAL_I2C_ER_IRQHandler
 .text.HAL_I2C_MasterTxCpltCallback
                0x00000000080047e6       0x12 Drivers/STM32F1xx_HAL_Driver/Src/stm32f1xx_hal_i2c.o
                0x00000000080047e6                HAL_I2C_MasterTxCpltCallback
 .text.HAL_I2C_MasterRxCpltCallback
                0x00000000080047f8       0x12 Drivers/STM32F1xx_HAL_Driver/Src/stm32f1xx_hal_i2c.o
                0x00000000080047f8                HAL_I2C_MasterRxCpltCallback
 .text.HAL_I2C_SlaveTxCpltCallback
                0x000000000800480a       0x12 Drivers/STM32F1xx_HAL_Driver/Src/stm32f1xx_hal_i2c.o
                0x000000000800480a                HAL_I2C_SlaveTxCpltCallback
 .text.HAL_I2C_SlaveRxCpltCallback
                0x000000000800481c       0x12 Drivers/STM32F1xx_HAL_Driver/Src/stm32f1xx_hal_i2c.o
                0x000000000800481c                HAL_I2C_SlaveRxCpltCallback
 .text.HAL_I2C_AddrCallback
                0x000000000800482e       0x1a Drivers/STM32F1xx_HAL_Driver/Src/stm32f1xx_hal_i2c.o
                0x000000000800482e                HAL_I2C_AddrCallback
 .text.HAL_I2C_ListenCpltCallback
                0x0000000008004848       0x12 Drivers/STM32F1xx_HAL_Driver/Src/stm32f1xx_hal_i2c.o
                0x0000000008004848                HAL_I2C_ListenCpltCallback
 .text.HAL_I2C_MemTxCpltCallback
                0x000000000800485a       0x12 Drivers/STM32F1xx_HAL_Driver/Src/stm32f1xx_hal_i2c.o
                0x000000000800485a                HAL_I2C_MemTxCpltCallback
 .text.HAL_I2C_MemRxCpltCallback
                0x000000000800486c       0x12 Drivers/STM32F1xx_HAL_Driver/Src/stm32f1xx_hal_i2c.o
                0x000000000800486c                HAL_I2C_MemRxCpltCallback
 .text.HAL_I2C_ErrorCallback
                0x000000000800487e       0x12 Drivers/STM32F1xx_HAL_Driver/Src/stm32f1xx_hal_i2c.o
                0x000000000800487e                HAL_I2C_ErrorCallback
 .text.HAL_I2C_AbortCpltCallback
                0x0000000008004890       0x12 Drivers/STM32F1xx_HAL_Driver/Src/stm32f1xx_hal_i2c.o
                0x0000000008004890                HAL_I2C_AbortCpltCallback
 .text.HAL_I2C_GetState
                0x00000000080048a2       0x1a Drivers/STM32F1xx_HAL_Driver/Src/stm32f1xx_hal_i2c.o
                0x00000000080048a2                HAL_I2C_GetState
 .text.I2C_MasterTransmit_TXE
                0x00000000080048bc      0x1f0 Drivers/STM32F1xx_HAL_Driver/Src/stm32f1xx_hal_i2c.o
 .text.I2C_MasterTransmit_BTF
                0x0000000008004aac       0xec Drivers/STM32F1xx_HAL_Driver/Src/stm32f1xx_hal_i2c.o
 .text.I2C_MasterReceive_RXNE
                0x0000000008004b98      0x104 Drivers/STM32F1xx_HAL_Driver/Src/stm32f1xx_hal_i2c.o
 .text.I2C_MasterReceive_BTF
                0x0000000008004c9c      0x1d4 Drivers/STM32F1xx_HAL_Driver/Src/stm32f1xx_hal_i2c.o
 .text.I2C_Master_SB
                0x0000000008004e70      0x10a Drivers/STM32F1xx_HAL_Driver/Src/stm32f1xx_hal_i2c.o
 .text.I2C_Master_ADD10
                0x0000000008004f7a       0x52 Drivers/STM32F1xx_HAL_Driver/Src/stm32f1xx_hal_i2c.o
 .text.I2C_Master_ADDR
                0x0000000008004fcc      0x336 Drivers/STM32F1xx_HAL_Driver/Src/stm32f1xx_hal_i2c.o
 .text.I2C_SlaveTransmit_TXE
                0x0000000008005302       0x7a Drivers/STM32F1xx_HAL_Driver/Src/stm32f1xx_hal_i2c.o
 .text.I2C_SlaveTransmit_BTF
                0x000000000800537c       0x40 Drivers/STM32F1xx_HAL_Driver/Src/stm32f1xx_hal_i2c.o
 .text.I2C_SlaveReceive_RXNE
                0x00000000080053bc       0x7c Drivers/STM32F1xx_HAL_Driver/Src/stm32f1xx_hal_i2c.o
 .text.I2C_SlaveReceive_BTF
                0x0000000008005438       0x42 Drivers/STM32F1xx_HAL_Driver/Src/stm32f1xx_hal_i2c.o
 .text.I2C_Slave_ADDR
                0x000000000800547a       0x88 Drivers/STM32F1xx_HAL_Driver/Src/stm32f1xx_hal_i2c.o
 *fill*         0x0000000008005502        0x2 
 .text.I2C_Slave_STOPF
                0x0000000008005504      0x260 Drivers/STM32F1xx_HAL_Driver/Src/stm32f1xx_hal_i2c.o
 .text.I2C_Slave_AF
                0x0000000008005764       0xe0 Drivers/STM32F1xx_HAL_Driver/Src/stm32f1xx_hal_i2c.o
 .text.I2C_ITError
                0x0000000008005844      0x22c Drivers/STM32F1xx_HAL_Driver/Src/stm32f1xx_hal_i2c.o
 .text.I2C_MasterRequestWrite
                0x0000000008005a70       0xec Drivers/STM32F1xx_HAL_Driver/Src/stm32f1xx_hal_i2c.o
 .text.I2C_MasterRequestRead
                0x0000000008005b5c      0x16c Drivers/STM32F1xx_HAL_Driver/Src/stm32f1xx_hal_i2c.o
 .text.I2C_RequestMemoryWrite
                0x0000000008005cc8      0x114 Drivers/STM32F1xx_HAL_Driver/Src/stm32f1xx_hal_i2c.o
 .text.I2C_DMAXferCplt
                0x0000000008005ddc      0x19a Drivers/STM32F1xx_HAL_Driver/Src/stm32f1xx_hal_i2c.o
 .text.I2C_DMAError
                0x0000000008005f76       0x5e Drivers/STM32F1xx_HAL_Driver/Src/stm32f1xx_hal_i2c.o
 .text.I2C_DMAAbort
                0x0000000008005fd4       0xde Drivers/STM32F1xx_HAL_Driver/Src/stm32f1xx_hal_i2c.o
 .text.I2C_WaitOnFlagUntilTimeout
                0x00000000080060b2       0xae Drivers/STM32F1xx_HAL_Driver/Src/stm32f1xx_hal_i2c.o
 .text.I2C_WaitOnMasterAddressFlagUntilTimeout
                0x0000000008006160       0xfe Drivers/STM32F1xx_HAL_Driver/Src/stm32f1xx_hal_i2c.o
 .text.I2C_WaitOnTXEFlagUntilTimeout
                0x000000000800625e       0x82 Drivers/STM32F1xx_HAL_Driver/Src/stm32f1xx_hal_i2c.o
 .text.I2C_WaitOnBTFFlagUntilTimeout
                0x00000000080062e0       0x82 Drivers/STM32F1xx_HAL_Driver/Src/stm32f1xx_hal_i2c.o
 .text.I2C_WaitOnRXNEFlagUntilTimeout
                0x0000000008006362       0xac Drivers/STM32F1xx_HAL_Driver/Src/stm32f1xx_hal_i2c.o
 .text.I2C_IsAcknowledgeFailed
                0x000000000800640e       0x5c Drivers/STM32F1xx_HAL_Driver/Src/stm32f1xx_hal_i2c.o
 .text.I2C_ConvertOtherXferOptions
                0x000000000800646a       0x34 Drivers/STM32F1xx_HAL_Driver/Src/stm32f1xx_hal_i2c.o
 *fill*         0x000000000800649e        0x2 
 .text.HAL_RCC_OscConfig
                0x00000000080064a0      0x500 Drivers/STM32F1xx_HAL_Driver/Src/stm32f1xx_hal_rcc.o
                0x00000000080064a0                HAL_RCC_OscConfig
 .text.HAL_RCC_ClockConfig
                0x00000000080069a0      0x1d4 Drivers/STM32F1xx_HAL_Driver/Src/stm32f1xx_hal_rcc.o
                0x00000000080069a0                HAL_RCC_ClockConfig
 .text.HAL_RCC_GetSysClockFreq
                0x0000000008006b74       0xc4 Drivers/STM32F1xx_HAL_Driver/Src/stm32f1xx_hal_rcc.o
                0x0000000008006b74                HAL_RCC_GetSysClockFreq
 .text.HAL_RCC_GetHCLKFreq
                0x0000000008006c38       0x14 Drivers/STM32F1xx_HAL_Driver/Src/stm32f1xx_hal_rcc.o
                0x0000000008006c38                HAL_RCC_GetHCLKFreq
 .text.HAL_RCC_GetPCLK1Freq
                0x0000000008006c4c       0x28 Drivers/STM32F1xx_HAL_Driver/Src/stm32f1xx_hal_rcc.o
                0x0000000008006c4c                HAL_RCC_GetPCLK1Freq
 .text.HAL_RCC_GetClockConfig
                0x0000000008006c74       0x60 Drivers/STM32F1xx_HAL_Driver/Src/stm32f1xx_hal_rcc.o
                0x0000000008006c74                HAL_RCC_GetClockConfig
 .text.RCC_Delay
                0x0000000008006cd4       0x3c Drivers/STM32F1xx_HAL_Driver/Src/stm32f1xx_hal_rcc.o
 .text.HAL_SPI_Init
                0x0000000008006d10       0xc2 Drivers/STM32F1xx_HAL_Driver/Src/stm32f1xx_hal_spi.o
                0x0000000008006d10                HAL_SPI_Init
 .text.HAL_SPI_Transmit
                0x0000000008006dd2      0x268 Drivers/STM32F1xx_HAL_Driver/Src/stm32f1xx_hal_spi.o
                0x0000000008006dd2                HAL_SPI_Transmit
 .text.HAL_SPI_TransmitReceive
                0x000000000800703a      0x344 Drivers/STM32F1xx_HAL_Driver/Src/stm32f1xx_hal_spi.o
                0x000000000800703a                HAL_SPI_TransmitReceive
 .text.SPI_WaitFlagStateUntilTimeout
                0x000000000800737e       0xd4 Drivers/STM32F1xx_HAL_Driver/Src/stm32f1xx_hal_spi.o
 .text.SPI_EndRxTxTransaction
                0x0000000008007452       0x3c Drivers/STM32F1xx_HAL_Driver/Src/stm32f1xx_hal_spi.o
 .text.HAL_TIM_Base_Init
                0x000000000800748e       0x56 Drivers/STM32F1xx_HAL_Driver/Src/stm32f1xx_hal_tim.o
                0x000000000800748e                HAL_TIM_Base_Init
 .text.HAL_TIM_Base_MspInit
                0x00000000080074e4       0x12 Drivers/STM32F1xx_HAL_Driver/Src/stm32f1xx_hal_tim.o
                0x00000000080074e4                HAL_TIM_Base_MspInit
 .text.HAL_TIM_Base_Start_IT
                0x00000000080074f6       0x46 Drivers/STM32F1xx_HAL_Driver/Src/stm32f1xx_hal_tim.o
                0x00000000080074f6                HAL_TIM_Base_Start_IT
 .text.HAL_TIM_IRQHandler
                0x000000000800753c      0x210 Drivers/STM32F1xx_HAL_Driver/Src/stm32f1xx_hal_tim.o
                0x000000000800753c                HAL_TIM_IRQHandler
 .text.HAL_TIM_OC_DelayElapsedCallback
                0x000000000800774c       0x12 Drivers/STM32F1xx_HAL_Driver/Src/stm32f1xx_hal_tim.o
                0x000000000800774c                HAL_TIM_OC_DelayElapsedCallback
 .text.HAL_TIM_IC_CaptureCallback
                0x000000000800775e       0x12 Drivers/STM32F1xx_HAL_Driver/Src/stm32f1xx_hal_tim.o
                0x000000000800775e                HAL_TIM_IC_CaptureCallback
 .text.HAL_TIM_PWM_PulseFinishedCallback
                0x0000000008007770       0x12 Drivers/STM32F1xx_HAL_Driver/Src/stm32f1xx_hal_tim.o
                0x0000000008007770                HAL_TIM_PWM_PulseFinishedCallback
 .text.HAL_TIM_TriggerCallback
                0x0000000008007782       0x12 Drivers/STM32F1xx_HAL_Driver/Src/stm32f1xx_hal_tim.o
                0x0000000008007782                HAL_TIM_TriggerCallback
 .text.TIM_Base_SetConfig
                0x0000000008007794       0xc4 Drivers/STM32F1xx_HAL_Driver/Src/stm32f1xx_hal_tim.o
                0x0000000008007794                TIM_Base_SetConfig
 .text.HAL_TIMEx_CommutCallback
                0x0000000008007858       0x12 Drivers/STM32F1xx_HAL_Driver/Src/stm32f1xx_hal_tim_ex.o
                0x0000000008007858                HAL_TIMEx_CommutCallback
 .text.HAL_TIMEx_BreakCallback
                0x000000000800786a       0x12 Drivers/STM32F1xx_HAL_Driver/Src/stm32f1xx_hal_tim_ex.o
                0x000000000800786a                HAL_TIMEx_BreakCallback
 .text.makeFreeRtosPriority
                0x000000000800787c       0x2e Middlewares/Third_Party/FreeRTOS/Source/CMSIS_RTOS/cmsis_os.o
 .text.inHandlerMode
                0x00000000080078aa       0x22 Middlewares/Third_Party/FreeRTOS/Source/CMSIS_RTOS/cmsis_os.o
 .text.osKernelStart
                0x00000000080078cc        0xe Middlewares/Third_Party/FreeRTOS/Source/CMSIS_RTOS/cmsis_os.o
                0x00000000080078cc                osKernelStart
 .text.osThreadCreate
                0x00000000080078da       0x98 Middlewares/Third_Party/FreeRTOS/Source/CMSIS_RTOS/cmsis_os.o
                0x00000000080078da                osThreadCreate
 *fill*         0x0000000008007972        0x2 
 .text.osTimerCreate
                0x0000000008007974       0x68 Middlewares/Third_Party/FreeRTOS/Source/CMSIS_RTOS/cmsis_os.o
                0x0000000008007974                osTimerCreate
 .text.osTimerStart
                0x00000000080079dc       0x8c Middlewares/Third_Party/FreeRTOS/Source/CMSIS_RTOS/cmsis_os.o
                0x00000000080079dc                osTimerStart
 .text.osPoolCreate
                0x0000000008007a68       0xba Middlewares/Third_Party/FreeRTOS/Source/CMSIS_RTOS/cmsis_os.o
                0x0000000008007a68                osPoolCreate
 .text.osPoolAlloc
                0x0000000008007b22       0xc4 Middlewares/Third_Party/FreeRTOS/Source/CMSIS_RTOS/cmsis_os.o
                0x0000000008007b22                osPoolAlloc
 .text.osPoolFree
                0x0000000008007be6       0x80 Middlewares/Third_Party/FreeRTOS/Source/CMSIS_RTOS/cmsis_os.o
                0x0000000008007be6                osPoolFree
 .text.osMessageCreate
                0x0000000008007c66       0x52 Middlewares/Third_Party/FreeRTOS/Source/CMSIS_RTOS/cmsis_os.o
                0x0000000008007c66                osMessageCreate
 .text.osMessagePut
                0x0000000008007cb8       0x80 Middlewares/Third_Party/FreeRTOS/Source/CMSIS_RTOS/cmsis_os.o
                0x0000000008007cb8                osMessagePut
 .text.osMessageGet
                0x0000000008007d38       0xe8 Middlewares/Third_Party/FreeRTOS/Source/CMSIS_RTOS/cmsis_os.o
                0x0000000008007d38                osMessageGet
 .text.vListInitialise
                0x0000000008007e20       0x3e Middlewares/Third_Party/FreeRTOS/Source/list.o
                0x0000000008007e20                vListInitialise
 .text.vListInitialiseItem
                0x0000000008007e5e       0x18 Middlewares/Third_Party/FreeRTOS/Source/list.o
                0x0000000008007e5e                vListInitialiseItem
 .text.vListInsertEnd
                0x0000000008007e76       0x46 Middlewares/Third_Party/FreeRTOS/Source/list.o
                0x0000000008007e76                vListInsertEnd
 .text.vListInsert
                0x0000000008007ebc       0x70 Middlewares/Third_Party/FreeRTOS/Source/list.o
                0x0000000008007ebc                vListInsert
 .text.uxListRemove
                0x0000000008007f2c       0x52 Middlewares/Third_Party/FreeRTOS/Source/list.o
                0x0000000008007f2c                uxListRemove
 *fill*         0x0000000008007f7e        0x2 
 .text.xQueueGenericReset
                0x0000000008007f80       0xd0 Middlewares/Third_Party/FreeRTOS/Source/queue.o
                0x0000000008007f80                xQueueGenericReset
 .text.xQueueGenericCreateStatic
                0x0000000008008050       0xe4 Middlewares/Third_Party/FreeRTOS/Source/queue.o
                0x0000000008008050                xQueueGenericCreateStatic
 .text.xQueueGenericCreate
                0x0000000008008134       0x7a Middlewares/Third_Party/FreeRTOS/Source/queue.o
                0x0000000008008134                xQueueGenericCreate
 .text.prvInitialiseNewQueue
                0x00000000080081ae       0x3e Middlewares/Third_Party/FreeRTOS/Source/queue.o
 .text.xQueueGenericSend
                0x00000000080081ec      0x1f4 Middlewares/Third_Party/FreeRTOS/Source/queue.o
                0x00000000080081ec                xQueueGenericSend
 .text.xQueueGenericSendFromISR
                0x00000000080083e0      0x128 Middlewares/Third_Party/FreeRTOS/Source/queue.o
                0x00000000080083e0                xQueueGenericSendFromISR
 .text.xQueueReceive
                0x0000000008008508      0x1b8 Middlewares/Third_Party/FreeRTOS/Source/queue.o
                0x0000000008008508                xQueueReceive
 .text.xQueueReceiveFromISR
                0x00000000080086c0       0xfa Middlewares/Third_Party/FreeRTOS/Source/queue.o
                0x00000000080086c0                xQueueReceiveFromISR
 .text.prvCopyDataToQueue
                0x00000000080087ba       0xd4 Middlewares/Third_Party/FreeRTOS/Source/queue.o
 .text.prvCopyDataFromQueue
                0x000000000800888e       0x4c Middlewares/Third_Party/FreeRTOS/Source/queue.o
 .text.prvUnlockQueue
                0x00000000080088da       0xa4 Middlewares/Third_Party/FreeRTOS/Source/queue.o
 .text.prvIsQueueEmpty
                0x000000000800897e       0x2c Middlewares/Third_Party/FreeRTOS/Source/queue.o
 .text.prvIsQueueFull
                0x00000000080089aa       0x30 Middlewares/Third_Party/FreeRTOS/Source/queue.o
 *fill*         0x00000000080089da        0x2 
 .text.vQueueAddToRegistry
                0x00000000080089dc       0x50 Middlewares/Third_Party/FreeRTOS/Source/queue.o
                0x00000000080089dc                vQueueAddToRegistry
 .text.vQueueWaitForMessageRestricted
                0x0000000008008a2c       0x68 Middlewares/Third_Party/FreeRTOS/Source/queue.o
                0x0000000008008a2c                vQueueWaitForMessageRestricted
 .text.xTaskCreateStatic
                0x0000000008008a94       0xb2 Middlewares/Third_Party/FreeRTOS/Source/tasks.o
                0x0000000008008a94                xTaskCreateStatic
 .text.xTaskCreate
                0x0000000008008b46       0x8a Middlewares/Third_Party/FreeRTOS/Source/tasks.o
                0x0000000008008b46                xTaskCreate
 .text.prvInitialiseNewTask
                0x0000000008008bd0       0xfc Middlewares/Third_Party/FreeRTOS/Source/tasks.o
 .text.prvAddNewTaskToReadyList
                0x0000000008008ccc       0xd4 Middlewares/Third_Party/FreeRTOS/Source/tasks.o
 .text.vTaskDelayUntil
                0x0000000008008da0       0xf4 Middlewares/Third_Party/FreeRTOS/Source/tasks.o
                0x0000000008008da0                vTaskDelayUntil
 .text.vTaskDelay
                0x0000000008008e94       0x68 Middlewares/Third_Party/FreeRTOS/Source/tasks.o
                0x0000000008008e94                vTaskDelay
 .text.vTaskStartScheduler
                0x0000000008008efc       0xc8 Middlewares/Third_Party/FreeRTOS/Source/tasks.o
                0x0000000008008efc                vTaskStartScheduler
 .text.vTaskSuspendAll
                0x0000000008008fc4       0x1c Middlewares/Third_Party/FreeRTOS/Source/tasks.o
                0x0000000008008fc4                vTaskSuspendAll
 .text.xTaskResumeAll
                0x0000000008008fe0      0x138 Middlewares/Third_Party/FreeRTOS/Source/tasks.o
                0x0000000008008fe0                xTaskResumeAll
 .text.xTaskGetTickCount
                0x0000000008009118       0x1c Middlewares/Third_Party/FreeRTOS/Source/tasks.o
                0x0000000008009118                xTaskGetTickCount
 .text.xTaskIncrementTick
                0x0000000008009134      0x178 Middlewares/Third_Party/FreeRTOS/Source/tasks.o
                0x0000000008009134                xTaskIncrementTick
 .text.vTaskSwitchContext
                0x00000000080092ac       0xd4 Middlewares/Third_Party/FreeRTOS/Source/tasks.o
                0x00000000080092ac                vTaskSwitchContext
 .text.vTaskPlaceOnEventList
                0x0000000008009380       0x48 Middlewares/Third_Party/FreeRTOS/Source/tasks.o
                0x0000000008009380                vTaskPlaceOnEventList
 .text.vTaskPlaceOnEventListRestricted
                0x00000000080093c8       0x54 Middlewares/Third_Party/FreeRTOS/Source/tasks.o
                0x00000000080093c8                vTaskPlaceOnEventListRestricted
 .text.xTaskRemoveFromEventList
                0x000000000800941c       0xc4 Middlewares/Third_Party/FreeRTOS/Source/tasks.o
                0x000000000800941c                xTaskRemoveFromEventList
 .text.vTaskInternalSetTimeOutState
                0x00000000080094e0       0x2c Middlewares/Third_Party/FreeRTOS/Source/tasks.o
                0x00000000080094e0                vTaskInternalSetTimeOutState
 .text.xTaskCheckForTimeOut
                0x000000000800950c       0xc0 Middlewares/Third_Party/FreeRTOS/Source/tasks.o
                0x000000000800950c                xTaskCheckForTimeOut
 .text.vTaskMissedYield
                0x00000000080095cc       0x18 Middlewares/Third_Party/FreeRTOS/Source/tasks.o
                0x00000000080095cc                vTaskMissedYield
 .text.prvIdleTask
                0x00000000080095e4       0x30 Middlewares/Third_Party/FreeRTOS/Source/tasks.o
 .text.prvInitialiseTaskLists
                0x0000000008009614       0x80 Middlewares/Third_Party/FreeRTOS/Source/tasks.o
 .text.prvCheckTasksWaitingTermination
                0x0000000008009694       0x58 Middlewares/Third_Party/FreeRTOS/Source/tasks.o
 .text.prvDeleteTCB
                0x00000000080096ec       0x5c Middlewares/Third_Party/FreeRTOS/Source/tasks.o
 .text.prvResetNextTaskUnblockTime
                0x0000000008009748       0x48 Middlewares/Third_Party/FreeRTOS/Source/tasks.o
 .text.xTaskGetSchedulerState
                0x0000000008009790       0x3c Middlewares/Third_Party/FreeRTOS/Source/tasks.o
                0x0000000008009790                xTaskGetSchedulerState
 .text.xTaskPriorityDisinherit
                0x00000000080097cc      0x108 Middlewares/Third_Party/FreeRTOS/Source/tasks.o
                0x00000000080097cc                xTaskPriorityDisinherit
 .text.prvAddCurrentTaskToDelayedList
                0x00000000080098d4       0xcc Middlewares/Third_Party/FreeRTOS/Source/tasks.o
 .text.xTimerCreateTimerTask
                0x00000000080099a0       0x90 Middlewares/Third_Party/FreeRTOS/Source/timers.o
                0x00000000080099a0                xTimerCreateTimerTask
 .text.xTimerCreate
                0x0000000008009a30       0x42 Middlewares/Third_Party/FreeRTOS/Source/timers.o
                0x0000000008009a30                xTimerCreate
 .text.xTimerCreateStatic
                0x0000000008009a72       0x76 Middlewares/Third_Party/FreeRTOS/Source/timers.o
                0x0000000008009a72                xTimerCreateStatic
 .text.prvInitialiseNewTimer
                0x0000000008009ae8       0x62 Middlewares/Third_Party/FreeRTOS/Source/timers.o
 *fill*         0x0000000008009b4a        0x2 
 .text.xTimerGenericCommand
                0x0000000008009b4c       0x98 Middlewares/Third_Party/FreeRTOS/Source/timers.o
                0x0000000008009b4c                xTimerGenericCommand
 .text.prvProcessExpiredTimer
                0x0000000008009be4       0x80 Middlewares/Third_Party/FreeRTOS/Source/timers.o
 .text.prvTimerTask
                0x0000000008009c64       0x24 Middlewares/Third_Party/FreeRTOS/Source/timers.o
 .text.prvProcessTimerOrBlockTask
                0x0000000008009c88       0x9c Middlewares/Third_Party/FreeRTOS/Source/timers.o
 .text.prvGetNextExpireTime
                0x0000000008009d24       0x48 Middlewares/Third_Party/FreeRTOS/Source/timers.o
 .text.prvSampleTimeNow
                0x0000000008009d6c       0x40 Middlewares/Third_Party/FreeRTOS/Source/timers.o
 .text.prvInsertTimerInActiveList
                0x0000000008009dac       0x84 Middlewares/Third_Party/FreeRTOS/Source/timers.o
 .text.prvProcessReceivedCommands
                0x0000000008009e30      0x12c Middlewares/Third_Party/FreeRTOS/Source/timers.o
 .text.prvSwitchTimerLists
                0x0000000008009f5c       0xc0 Middlewares/Third_Party/FreeRTOS/Source/timers.o
 .text.prvCheckForValidListAndQueue
                0x000000000800a01c       0x80 Middlewares/Third_Party/FreeRTOS/Source/timers.o
 .text.pxPortInitialiseStack
                0x000000000800a09c       0x58 Middlewares/Third_Party/FreeRTOS/Source/portable/GCC/ARM_CM3/port.o
                0x000000000800a09c                pxPortInitialiseStack
 .text.prvTaskExitError
                0x000000000800a0f4       0x50 Middlewares/Third_Party/FreeRTOS/Source/portable/GCC/ARM_CM3/port.o
 *fill*         0x000000000800a144        0xc 
 .text.SVC_Handler
                0x000000000800a150       0x28 Middlewares/Third_Party/FreeRTOS/Source/portable/GCC/ARM_CM3/port.o
                0x000000000800a150                SVC_Handler
 .text.prvPortStartFirstTask
                0x000000000800a178       0x20 Middlewares/Third_Party/FreeRTOS/Source/portable/GCC/ARM_CM3/port.o
 .text.xPortStartScheduler
                0x000000000800a198       0xe0 Middlewares/Third_Party/FreeRTOS/Source/portable/GCC/ARM_CM3/port.o
                0x000000000800a198                xPortStartScheduler
 .text.vPortEnterCritical
                0x000000000800a278       0x5c Middlewares/Third_Party/FreeRTOS/Source/portable/GCC/ARM_CM3/port.o
                0x000000000800a278                vPortEnterCritical
 .text.vPortExitCritical
                0x000000000800a2d4       0x4c Middlewares/Third_Party/FreeRTOS/Source/portable/GCC/ARM_CM3/port.o
                0x000000000800a2d4                vPortExitCritical
 .text.PendSV_Handler
                0x000000000800a320       0x48 Middlewares/Third_Party/FreeRTOS/Source/portable/GCC/ARM_CM3/port.o
                0x000000000800a320                PendSV_Handler
 .text.SysTick_Handler
                0x000000000800a368       0x40 Middlewares/Third_Party/FreeRTOS/Source/portable/GCC/ARM_CM3/port.o
                0x000000000800a368                SysTick_Handler
 .text.vPortSetupTimerInterrupt
                0x000000000800a3a8       0x44 Middlewares/Third_Party/FreeRTOS/Source/portable/GCC/ARM_CM3/port.o
                0x000000000800a3a8                vPortSetupTimerInterrupt
 .text.vPortValidateInterruptPriority
                0x000000000800a3ec       0x78 Middlewares/Third_Party/FreeRTOS/Source/portable/GCC/ARM_CM3/port.o
                0x000000000800a3ec                vPortValidateInterruptPriority
 .text.pvPortMalloc
                0x000000000800a464      0x184 Middlewares/Third_Party/FreeRTOS/Source/portable/MemMang/heap_4.o
                0x000000000800a464                pvPortMalloc
 .text.vPortFree
                0x000000000800a5e8       0xb0 Middlewares/Third_Party/FreeRTOS/Source/portable/MemMang/heap_4.o
                0x000000000800a5e8                vPortFree
 .text.prvHeapInit
                0x000000000800a698       0xc4 Middlewares/Third_Party/FreeRTOS/Source/portable/MemMang/heap_4.o
 .text.prvInsertBlockIntoFreeList
                0x000000000800a75c       0xb0 Middlewares/Third_Party/FreeRTOS/Source/portable/MemMang/heap_4.o
 .text.__errno  0x000000000800a80c        0xc c:/st/stm32cubeide_1.3.0/stm32cubeide/plugins/com.st.stm32cube.ide.mcu.externaltools.gnu-tools-for-stm32.7-2018-q2-update.win32_1.0.0.201904181610/tools/bin/../lib/gcc/arm-none-eabi/7.3.1/../../../../arm-none-eabi/lib/thumb/v7-m\libc_nano.a(lib_a-errno.o)
                0x000000000800a80c                __errno
 .text.__libc_init_array
                0x000000000800a818       0x48 c:/st/stm32cubeide_1.3.0/stm32cubeide/plugins/com.st.stm32cube.ide.mcu.externaltools.gnu-tools-for-stm32.7-2018-q2-update.win32_1.0.0.201904181610/tools/bin/../lib/gcc/arm-none-eabi/7.3.1/../../../../arm-none-eabi/lib/thumb/v7-m\libc_nano.a(lib_a-init.o)
                0x000000000800a818                __libc_init_array
 .text.memcpy   0x000000000800a860       0x16 c:/st/stm32cubeide_1.3.0/stm32cubeide/plugins/com.st.stm32cube.ide.mcu.externaltools.gnu-tools-for-stm32.7-2018-q2-update.win32_1.0.0.201904181610/tools/bin/../lib/gcc/arm-none-eabi/7.3.1/../../../../arm-none-eabi/lib/thumb/v7-m\libc_nano.a(lib_a-memcpy-stub.o)
                0x000000000800a860                memcpy
 .text.memset   0x000000000800a876       0x10 c:/st/stm32cubeide_1.3.0/stm32cubeide/plugins/com.st.stm32cube.ide.mcu.externaltools.gnu-tools-for-stm32.7-2018-q2-update.win32_1.0.0.201904181610/tools/bin/../lib/gcc/arm-none-eabi/7.3.1/../../../../arm-none-eabi/lib/thumb/v7-m\libc_nano.a(lib_a-memset.o)
                0x000000000800a876                memset
 *fill*         0x000000000800a886        0x2 
 .text.modf     0x000000000800a888       0x94 c:/st/stm32cubeide_1.3.0/stm32cubeide/plugins/com.st.stm32cube.ide.mcu.externaltools.gnu-tools-for-stm32.7-2018-q2-update.win32_1.0.0.201904181610/tools/bin/../lib/gcc/arm-none-eabi/7.3.1/../../../../arm-none-eabi/lib/thumb/v7-m\libc_nano.a(lib_a-s_modf.o)
                0x000000000800a888                modf
 .text.sprintf  0x000000000800a91c       0x40 c:/st/stm32cubeide_1.3.0/stm32cubeide/plugins/com.st.stm32cube.ide.mcu.externaltools.gnu-tools-for-stm32.7-2018-q2-update.win32_1.0.0.201904181610/tools/bin/../lib/gcc/arm-none-eabi/7.3.1/../../../../arm-none-eabi/lib/thumb/v7-m\libc_nano.a(lib_a-sprintf.o)
                0x000000000800a91c                siprintf
                0x000000000800a91c                sprintf
 .text.__ssputs_r
                0x000000000800a95c       0xb4 c:/st/stm32cubeide_1.3.0/stm32cubeide/plugins/com.st.stm32cube.ide.mcu.externaltools.gnu-tools-for-stm32.7-2018-q2-update.win32_1.0.0.201904181610/tools/bin/../lib/gcc/arm-none-eabi/7.3.1/../../../../arm-none-eabi/lib/thumb/v7-m\libc_nano.a(lib_a-nano-svfprintf.o)
                0x000000000800a95c                __ssputs_r
 .text._svfprintf_r
                0x000000000800aa10      0x1f0 c:/st/stm32cubeide_1.3.0/stm32cubeide/plugins/com.st.stm32cube.ide.mcu.externaltools.gnu-tools-for-stm32.7-2018-q2-update.win32_1.0.0.201904181610/tools/bin/../lib/gcc/arm-none-eabi/7.3.1/../../../../arm-none-eabi/lib/thumb/v7-m\libc_nano.a(lib_a-nano-svfprintf.o)
                0x000000000800aa10                _svfiprintf_r
                0x000000000800aa10                _svfprintf_r
 .text._printf_common
                0x000000000800ac00       0xec c:/st/stm32cubeide_1.3.0/stm32cubeide/plugins/com.st.stm32cube.ide.mcu.externaltools.gnu-tools-for-stm32.7-2018-q2-update.win32_1.0.0.201904181610/tools/bin/../lib/gcc/arm-none-eabi/7.3.1/../../../../arm-none-eabi/lib/thumb/v7-m\libc_nano.a(lib_a-nano-vfprintf_i.o)
                0x000000000800ac00                _printf_common
 .text._printf_i
                0x000000000800acec      0x224 c:/st/stm32cubeide_1.3.0/stm32cubeide/plugins/com.st.stm32cube.ide.mcu.externaltools.gnu-tools-for-stm32.7-2018-q2-update.win32_1.0.0.201904181610/tools/bin/../lib/gcc/arm-none-eabi/7.3.1/../../../../arm-none-eabi/lib/thumb/v7-m\libc_nano.a(lib_a-nano-vfprintf_i.o)
                0x000000000800acec                _printf_i
 .text.memchr   0x000000000800af10       0x1c c:/st/stm32cubeide_1.3.0/stm32cubeide/plugins/com.st.stm32cube.ide.mcu.externaltools.gnu-tools-for-stm32.7-2018-q2-update.win32_1.0.0.201904181610/tools/bin/../lib/gcc/arm-none-eabi/7.3.1/../../../../arm-none-eabi/lib/thumb/v7-m\libc_nano.a(lib_a-memchr-stub.o)
                0x000000000800af10                memchr
 .text.memmove  0x000000000800af2c       0x32 c:/st/stm32cubeide_1.3.0/stm32cubeide/plugins/com.st.stm32cube.ide.mcu.externaltools.gnu-tools-for-stm32.7-2018-q2-update.win32_1.0.0.201904181610/tools/bin/../lib/gcc/arm-none-eabi/7.3.1/../../../../arm-none-eabi/lib/thumb/v7-m\libc_nano.a(lib_a-memmove.o)
                0x000000000800af2c                memmove
 *fill*         0x000000000800af5e        0x2 
 .text._free_r  0x000000000800af60       0x98 c:/st/stm32cubeide_1.3.0/stm32cubeide/plugins/com.st.stm32cube.ide.mcu.externaltools.gnu-tools-for-stm32.7-2018-q2-update.win32_1.0.0.201904181610/tools/bin/../lib/gcc/arm-none-eabi/7.3.1/../../../../arm-none-eabi/lib/thumb/v7-m\libc_nano.a(lib_a-nano-freer.o)
                0x000000000800af60                _free_r
 .text._malloc_r
                0x000000000800aff8       0xb4 c:/st/stm32cubeide_1.3.0/stm32cubeide/plugins/com.st.stm32cube.ide.mcu.externaltools.gnu-tools-for-stm32.7-2018-q2-update.win32_1.0.0.201904181610/tools/bin/../lib/gcc/arm-none-eabi/7.3.1/../../../../arm-none-eabi/lib/thumb/v7-m\libc_nano.a(lib_a-nano-mallocr.o)
                0x000000000800aff8                _malloc_r
 .text._realloc_r
                0x000000000800b0ac       0x4c c:/st/stm32cubeide_1.3.0/stm32cubeide/plugins/com.st.stm32cube.ide.mcu.externaltools.gnu-tools-for-stm32.7-2018-q2-update.win32_1.0.0.201904181610/tools/bin/../lib/gcc/arm-none-eabi/7.3.1/../../../../arm-none-eabi/lib/thumb/v7-m\libc_nano.a(lib_a-nano-reallocr.o)
                0x000000000800b0ac                _realloc_r
 .text._sbrk_r  0x000000000800b0f8       0x20 c:/st/stm32cubeide_1.3.0/stm32cubeide/plugins/com.st.stm32cube.ide.mcu.externaltools.gnu-tools-for-stm32.7-2018-q2-update.win32_1.0.0.201904181610/tools/bin/../lib/gcc/arm-none-eabi/7.3.1/../../../../arm-none-eabi/lib/thumb/v7-m\libc_nano.a(lib_a-sbrkr.o)
                0x000000000800b0f8                _sbrk_r
 .text.__malloc_lock
                0x000000000800b118        0x2 c:/st/stm32cubeide_1.3.0/stm32cubeide/plugins/com.st.stm32cube.ide.mcu.externaltools.gnu-tools-for-stm32.7-2018-q2-update.win32_1.0.0.201904181610/tools/bin/../lib/gcc/arm-none-eabi/7.3.1/../../../../arm-none-eabi/lib/thumb/v7-m\libc_nano.a(lib_a-mlock.o)
                0x000000000800b118                __malloc_lock
 .text.__malloc_unlock
                0x000000000800b11a        0x2 c:/st/stm32cubeide_1.3.0/stm32cubeide/plugins/com.st.stm32cube.ide.mcu.externaltools.gnu-tools-for-stm32.7-2018-q2-update.win32_1.0.0.201904181610/tools/bin/../lib/gcc/arm-none-eabi/7.3.1/../../../../arm-none-eabi/lib/thumb/v7-m\libc_nano.a(lib_a-mlock.o)
                0x000000000800b11a                __malloc_unlock
 .text._malloc_usable_size_r
                0x000000000800b11c       0x10 c:/st/stm32cubeide_1.3.0/stm32cubeide/plugins/com.st.stm32cube.ide.mcu.externaltools.gnu-tools-for-stm32.7-2018-q2-update.win32_1.0.0.201904181610/tools/bin/../lib/gcc/arm-none-eabi/7.3.1/../../../../arm-none-eabi/lib/thumb/v7-m\libc_nano.a(lib_a-nano-msizer.o)
                0x000000000800b11c                _malloc_usable_size_r
 .text.lroundf  0x000000000800b12c       0x58 c:/st/stm32cubeide_1.3.0/stm32cubeide/plugins/com.st.stm32cube.ide.mcu.externaltools.gnu-tools-for-stm32.7-2018-q2-update.win32_1.0.0.201904181610/tools/bin/../lib/gcc/arm-none-eabi/7.3.1/../../../../arm-none-eabi/lib/thumb/v7-m\libm.a(lib_a-sf_lround.o)
                0x000000000800b12c                lroundf
 *(.glue_7)
 .glue_7        0x000000000800b184        0x0 linker stubs
 *(.glue_7t)
 .glue_7t       0x000000000800b184        0x0 linker stubs
 *(.eh_frame)
 .eh_frame      0x000000000800b184        0x0 c:/st/stm32cubeide_1.3.0/stm32cubeide/plugins/com.st.stm32cube.ide.mcu.externaltools.gnu-tools-for-stm32.7-2018-q2-update.win32_1.0.0.201904181610/tools/bin/../lib/gcc/arm-none-eabi/7.3.1/thumb/v7-m/crtbegin.o
 *(.init)
 .init          0x000000000800b184        0x4 c:/st/stm32cubeide_1.3.0/stm32cubeide/plugins/com.st.stm32cube.ide.mcu.externaltools.gnu-tools-for-stm32.7-2018-q2-update.win32_1.0.0.201904181610/tools/bin/../lib/gcc/arm-none-eabi/7.3.1/thumb/v7-m/crti.o
                0x000000000800b184                _init
 .init          0x000000000800b188        0x8 c:/st/stm32cubeide_1.3.0/stm32cubeide/plugins/com.st.stm32cube.ide.mcu.externaltools.gnu-tools-for-stm32.7-2018-q2-update.win32_1.0.0.201904181610/tools/bin/../lib/gcc/arm-none-eabi/7.3.1/thumb/v7-m/crtn.o
 *(.fini)
 .fini          0x000000000800b190        0x4 c:/st/stm32cubeide_1.3.0/stm32cubeide/plugins/com.st.stm32cube.ide.mcu.externaltools.gnu-tools-for-stm32.7-2018-q2-update.win32_1.0.0.201904181610/tools/bin/../lib/gcc/arm-none-eabi/7.3.1/thumb/v7-m/crti.o
                0x000000000800b190                _fini
 .fini          0x000000000800b194        0x8 c:/st/stm32cubeide_1.3.0/stm32cubeide/plugins/com.st.stm32cube.ide.mcu.externaltools.gnu-tools-for-stm32.7-2018-q2-update.win32_1.0.0.201904181610/tools/bin/../lib/gcc/arm-none-eabi/7.3.1/thumb/v7-m/crtn.o
                0x000000000800b19c                . = ALIGN (0x4)
                0x000000000800b19c                _etext = .

.vfp11_veneer   0x000000000800b19c        0x0
 .vfp11_veneer  0x000000000800b19c        0x0 linker stubs

.v4_bx          0x000000000800b19c        0x0
 .v4_bx         0x000000000800b19c        0x0 linker stubs

.iplt           0x000000000800b19c        0x0
 .iplt          0x000000000800b19c        0x0 c:/st/stm32cubeide_1.3.0/stm32cubeide/plugins/com.st.stm32cube.ide.mcu.externaltools.gnu-tools-for-stm32.7-2018-q2-update.win32_1.0.0.201904181610/tools/bin/../lib/gcc/arm-none-eabi/7.3.1/thumb/v7-m/crtbegin.o

.rodata         0x000000000800b19c      0x1e4
                0x000000000800b19c                . = ALIGN (0x4)
 *(.rodata)
 .rodata        0x000000000800b19c       0x42 Core/Src/bmp180.o
 *fill*         0x000000000800b1de        0x2 
 .rodata        0x000000000800b1e0       0xf3 Core/Src/main.o
 *fill*         0x000000000800b2d3        0x1 
 .rodata        0x000000000800b2d4       0x12 Drivers/STM32F1xx_HAL_Driver/Src/stm32f1xx_hal_rcc.o
 *fill*         0x000000000800b2e6        0x2 
 .rodata        0x000000000800b2e8        0x1 Middlewares/Third_Party/FreeRTOS/Source/CMSIS_RTOS/cmsis_os.o
 *fill*         0x000000000800b2e9        0x3 
 .rodata        0x000000000800b2ec        0x5 Middlewares/Third_Party/FreeRTOS/Source/tasks.o
 *fill*         0x000000000800b2f1        0x3 
 .rodata        0x000000000800b2f4        0xd Middlewares/Third_Party/FreeRTOS/Source/timers.o
 *(.rodata*)
 *fill*         0x000000000800b301        0x3 
 .rodata.lineOffsets.7518
                0x000000000800b304        0x4 Core/Src/lcd_hd44780_i2c.o
 .rodata.os_pool_def_bmp_pool
                0x000000000800b308        0xc Core/Src/main.o
                0x000000000800b308                os_pool_def_bmp_pool
 .rodata.os_messageQ_def_bmp180MailTempHandler
                0x000000000800b314       0x10 Core/Src/main.o
                0x000000000800b314                os_messageQ_def_bmp180MailTempHandler
 .rodata.helloWorld.9179
                0x000000000800b324       0x10 Core/Src/main.o
 .rodata.AHBPrescTable
                0x000000000800b334       0x10 Core/Src/system_stm32f1xx.o
                0x000000000800b334                AHBPrescTable
 .rodata.APBPrescTable
                0x000000000800b344        0x8 Core/Src/system_stm32f1xx.o
                0x000000000800b344                APBPrescTable
 .rodata._svfprintf_r.str1.1
                0x000000000800b34c       0x11 c:/st/stm32cubeide_1.3.0/stm32cubeide/plugins/com.st.stm32cube.ide.mcu.externaltools.gnu-tools-for-stm32.7-2018-q2-update.win32_1.0.0.201904181610/tools/bin/../lib/gcc/arm-none-eabi/7.3.1/../../../../arm-none-eabi/lib/thumb/v7-m\libc_nano.a(lib_a-nano-svfprintf.o)
 .rodata._printf_i.str1.1
                0x000000000800b35d       0x22 c:/st/stm32cubeide_1.3.0/stm32cubeide/plugins/com.st.stm32cube.ide.mcu.externaltools.gnu-tools-for-stm32.7-2018-q2-update.win32_1.0.0.201904181610/tools/bin/../lib/gcc/arm-none-eabi/7.3.1/../../../../arm-none-eabi/lib/thumb/v7-m\libc_nano.a(lib_a-nano-vfprintf_i.o)
                0x000000000800b380                . = ALIGN (0x4)
 *fill*         0x000000000800b37f        0x1 

.rel.dyn        0x000000000800b380        0x0
 .rel.iplt      0x000000000800b380        0x0 c:/st/stm32cubeide_1.3.0/stm32cubeide/plugins/com.st.stm32cube.ide.mcu.externaltools.gnu-tools-for-stm32.7-2018-q2-update.win32_1.0.0.201904181610/tools/bin/../lib/gcc/arm-none-eabi/7.3.1/thumb/v7-m/crtbegin.o

.ARM.extab      0x000000000800b380        0x0
                0x000000000800b380                . = ALIGN (0x4)
 *(.ARM.extab* .gnu.linkonce.armextab.*)
                0x000000000800b380                . = ALIGN (0x4)

.ARM            0x000000000800b380        0x0
                0x000000000800b380                . = ALIGN (0x4)
                0x000000000800b380                __exidx_start = .
 *(.ARM.exidx*)
                0x000000000800b380                __exidx_end = .
                0x000000000800b380                . = ALIGN (0x4)

.preinit_array  0x000000000800b380        0x0
                0x000000000800b380                . = ALIGN (0x4)
                0x000000000800b380                PROVIDE (__preinit_array_start = .)
 *(.preinit_array*)
                0x000000000800b380                PROVIDE (__preinit_array_end = .)
                0x000000000800b380                . = ALIGN (0x4)

.init_array     0x000000000800b380        0x4
                0x000000000800b380                . = ALIGN (0x4)
                0x000000000800b380                PROVIDE (__init_array_start = .)
 *(SORT_BY_NAME(.init_array.*))
 *(.init_array*)
 .init_array    0x000000000800b380        0x4 c:/st/stm32cubeide_1.3.0/stm32cubeide/plugins/com.st.stm32cube.ide.mcu.externaltools.gnu-tools-for-stm32.7-2018-q2-update.win32_1.0.0.201904181610/tools/bin/../lib/gcc/arm-none-eabi/7.3.1/thumb/v7-m/crtbegin.o
                0x000000000800b384                PROVIDE (__init_array_end = .)
                0x000000000800b384                . = ALIGN (0x4)

.fini_array     0x000000000800b384        0x4
                0x000000000800b384                . = ALIGN (0x4)
                [!provide]                        PROVIDE (__fini_array_start = .)
 *(SORT_BY_NAME(.fini_array.*))
 *(.fini_array*)
 .fini_array    0x000000000800b384        0x4 c:/st/stm32cubeide_1.3.0/stm32cubeide/plugins/com.st.stm32cube.ide.mcu.externaltools.gnu-tools-for-stm32.7-2018-q2-update.win32_1.0.0.201904181610/tools/bin/../lib/gcc/arm-none-eabi/7.3.1/thumb/v7-m/crtbegin.o
                [!provide]                        PROVIDE (__fini_array_end = .)
                0x000000000800b388                . = ALIGN (0x4)
                0x000000000800b388                _sidata = LOADADDR (.data)

.data           0x0000000020000000       0x78 load address 0x000000000800b388
                0x0000000020000000                . = ALIGN (0x4)
                0x0000000020000000                _sdata = .
 *(.data)
 *(.data*)
 .data.devAddr  0x0000000020000000        0x1 Core/Src/bmp180.o
 *fill*         0x0000000020000001        0x3 
 .data.SystemCoreClock
                0x0000000020000004        0x4 Core/Src/system_stm32f1xx.o
                0x0000000020000004                SystemCoreClock
 .data.uwTickPrio
                0x0000000020000008        0x4 Drivers/STM32F1xx_HAL_Driver/Src/stm32f1xx_hal.o
                0x0000000020000008                uwTickPrio
 .data.uwTickFreq
                0x000000002000000c        0x1 Drivers/STM32F1xx_HAL_Driver/Src/stm32f1xx_hal.o
                0x000000002000000c                uwTickFreq
 *fill*         0x000000002000000d        0x3 
 .data.uxCriticalNesting
                0x0000000020000010        0x4 Middlewares/Third_Party/FreeRTOS/Source/portable/GCC/ARM_CM3/port.o
 .data._impure_ptr
                0x0000000020000014        0x4 c:/st/stm32cubeide_1.3.0/stm32cubeide/plugins/com.st.stm32cube.ide.mcu.externaltools.gnu-tools-for-stm32.7-2018-q2-update.win32_1.0.0.201904181610/tools/bin/../lib/gcc/arm-none-eabi/7.3.1/../../../../arm-none-eabi/lib/thumb/v7-m\libc_nano.a(lib_a-impure.o)
                0x0000000020000014                _impure_ptr
 .data.impure_data
                0x0000000020000018       0x60 c:/st/stm32cubeide_1.3.0/stm32cubeide/plugins/com.st.stm32cube.ide.mcu.externaltools.gnu-tools-for-stm32.7-2018-q2-update.win32_1.0.0.201904181610/tools/bin/../lib/gcc/arm-none-eabi/7.3.1/../../../../arm-none-eabi/lib/thumb/v7-m\libc_nano.a(lib_a-impure.o)
                0x0000000020000078                . = ALIGN (0x4)
                0x0000000020000078                _edata = .

.igot.plt       0x0000000020000078        0x0 load address 0x000000000800b400
 .igot.plt      0x0000000020000078        0x0 c:/st/stm32cubeide_1.3.0/stm32cubeide/plugins/com.st.stm32cube.ide.mcu.externaltools.gnu-tools-for-stm32.7-2018-q2-update.win32_1.0.0.201904181610/tools/bin/../lib/gcc/arm-none-eabi/7.3.1/thumb/v7-m/crtbegin.o
                0x0000000020000078                . = ALIGN (0x4)

.bss            0x0000000020000078     0x1424 load address 0x000000000800b400
                0x0000000020000078                _sbss = .
                0x0000000020000078                __bss_start__ = _sbss
 *(.bss)
 .bss           0x0000000020000078       0x1c c:/st/stm32cubeide_1.3.0/stm32cubeide/plugins/com.st.stm32cube.ide.mcu.externaltools.gnu-tools-for-stm32.7-2018-q2-update.win32_1.0.0.201904181610/tools/bin/../lib/gcc/arm-none-eabi/7.3.1/thumb/v7-m/crtbegin.o
 *(.bss*)
 .bss.buffer    0x0000000020000094        0x3 Core/Src/bmp180.o
 *fill*         0x0000000020000097        0x1 
 .bss.ac1       0x0000000020000098        0x2 Core/Src/bmp180.o
 .bss.ac2       0x000000002000009a        0x2 Core/Src/bmp180.o
 .bss.ac3       0x000000002000009c        0x2 Core/Src/bmp180.o
 .bss.b1        0x000000002000009e        0x2 Core/Src/bmp180.o
 .bss.b2        0x00000000200000a0        0x2 Core/Src/bmp180.o
 .bss.mb        0x00000000200000a2        0x2 Core/Src/bmp180.o
 .bss.mc        0x00000000200000a4        0x2 Core/Src/bmp180.o
 .bss.md        0x00000000200000a6        0x2 Core/Src/bmp180.o
 .bss.ac4       0x00000000200000a8        0x2 Core/Src/bmp180.o
 .bss.ac5       0x00000000200000aa        0x2 Core/Src/bmp180.o
 .bss.ac6       0x00000000200000ac        0x2 Core/Src/bmp180.o
 *fill*         0x00000000200000ae        0x2 
 .bss.b5        0x00000000200000b0        0x4 Core/Src/bmp180.o
 .bss.measureMode
                0x00000000200000b4        0x1 Core/Src/bmp180.o
 *fill*         0x00000000200000b5        0x3 
 .bss.BMP_hi2c  0x00000000200000b8        0x4 Core/Src/bmp180.o
 .bss.xIdleTaskTCBBuffer
                0x00000000200000bc       0x54 Core/Src/freertos.o
 .bss.xIdleStack
                0x0000000020000110      0x100 Core/Src/freertos.o
 .bss.xTimerTaskTCBBuffer
                0x0000000020000210       0x54 Core/Src/freertos.o
 .bss.xTimerStack
                0x0000000020000264      0x100 Core/Src/freertos.o
 .bss.lcdCommandBuffer
                0x0000000020000364        0x6 Core/Src/lcd_hd44780_i2c.o
                0x0000000020000364                lcdCommandBuffer
 *fill*         0x000000002000036a        0x2 
 .bss.lcdParams
                0x000000002000036c        0xc Core/Src/lcd_hd44780_i2c.o
 .bss.event.9169
                0x0000000020000378        0xc Core/Src/main.o
 .bss.event.9178
                0x0000000020000384        0xc Core/Src/main.o
 .bss.buffer.9177
                0x0000000020000390       0x15 Core/Src/main.o
 *fill*         0x00000000200003a5        0x3 
 .bss.event.9197
                0x00000000200003a8        0xc Core/Src/main.o
 .bss.tim.9204  0x00000000200003b4        0x4 Core/Src/main.o
 .bss.payload_size
                0x00000000200003b8        0x1 Core/Src/nrf24l01.o
                0x00000000200003b8                payload_size
 *fill*         0x00000000200003b9        0x3 
 .bss.pipe0_reading_address
                0x00000000200003bc        0x5 Core/Src/nrf24l01.o
                0x00000000200003bc                pipe0_reading_address
 .bss.addr_width
                0x00000000200003c1        0x1 Core/Src/nrf24l01.o
                0x00000000200003c1                addr_width
 .bss.txDelay   0x00000000200003c2        0x1 Core/Src/nrf24l01.o
                0x00000000200003c2                txDelay
 *fill*         0x00000000200003c3        0x1 
 .bss.heap_end.5149
                0x00000000200003c4        0x4 Core/Src/sysmem.o
 .bss.pxCurrentTCB
                0x00000000200003c8        0x4 Middlewares/Third_Party/FreeRTOS/Source/tasks.o
                0x00000000200003c8                pxCurrentTCB
 .bss.pxReadyTasksLists
                0x00000000200003cc       0x8c Middlewares/Third_Party/FreeRTOS/Source/tasks.o
 .bss.xDelayedTaskList1
                0x0000000020000458       0x14 Middlewares/Third_Party/FreeRTOS/Source/tasks.o
 .bss.xDelayedTaskList2
                0x000000002000046c       0x14 Middlewares/Third_Party/FreeRTOS/Source/tasks.o
 .bss.pxDelayedTaskList
                0x0000000020000480        0x4 Middlewares/Third_Party/FreeRTOS/Source/tasks.o
 .bss.pxOverflowDelayedTaskList
                0x0000000020000484        0x4 Middlewares/Third_Party/FreeRTOS/Source/tasks.o
 .bss.xPendingReadyList
                0x0000000020000488       0x14 Middlewares/Third_Party/FreeRTOS/Source/tasks.o
 .bss.xTasksWaitingTermination
                0x000000002000049c       0x14 Middlewares/Third_Party/FreeRTOS/Source/tasks.o
 .bss.uxDeletedTasksWaitingCleanUp
                0x00000000200004b0        0x4 Middlewares/Third_Party/FreeRTOS/Source/tasks.o
 .bss.xSuspendedTaskList
                0x00000000200004b4       0x14 Middlewares/Third_Party/FreeRTOS/Source/tasks.o
 .bss.uxCurrentNumberOfTasks
                0x00000000200004c8        0x4 Middlewares/Third_Party/FreeRTOS/Source/tasks.o
 .bss.xTickCount
                0x00000000200004cc        0x4 Middlewares/Third_Party/FreeRTOS/Source/tasks.o
 .bss.uxTopReadyPriority
                0x00000000200004d0        0x4 Middlewares/Third_Party/FreeRTOS/Source/tasks.o
 .bss.xSchedulerRunning
                0x00000000200004d4        0x4 Middlewares/Third_Party/FreeRTOS/Source/tasks.o
 .bss.uxPendedTicks
                0x00000000200004d8        0x4 Middlewares/Third_Party/FreeRTOS/Source/tasks.o
 .bss.xYieldPending
                0x00000000200004dc        0x4 Middlewares/Third_Party/FreeRTOS/Source/tasks.o
 .bss.xNumOfOverflows
                0x00000000200004e0        0x4 Middlewares/Third_Party/FreeRTOS/Source/tasks.o
 .bss.uxTaskNumber
                0x00000000200004e4        0x4 Middlewares/Third_Party/FreeRTOS/Source/tasks.o
 .bss.xNextTaskUnblockTime
                0x00000000200004e8        0x4 Middlewares/Third_Party/FreeRTOS/Source/tasks.o
 .bss.xIdleTaskHandle
                0x00000000200004ec        0x4 Middlewares/Third_Party/FreeRTOS/Source/tasks.o
 .bss.uxSchedulerSuspended
                0x00000000200004f0        0x4 Middlewares/Third_Party/FreeRTOS/Source/tasks.o
 .bss.xActiveTimerList1
                0x00000000200004f4       0x14 Middlewares/Third_Party/FreeRTOS/Source/timers.o
 .bss.xActiveTimerList2
                0x0000000020000508       0x14 Middlewares/Third_Party/FreeRTOS/Source/timers.o
 .bss.pxCurrentTimerList
                0x000000002000051c        0x4 Middlewares/Third_Party/FreeRTOS/Source/timers.o
 .bss.pxOverflowTimerList
                0x0000000020000520        0x4 Middlewares/Third_Party/FreeRTOS/Source/timers.o
 .bss.xTimerQueue
                0x0000000020000524        0x4 Middlewares/Third_Party/FreeRTOS/Source/timers.o
 .bss.xTimerTaskHandle
                0x0000000020000528        0x4 Middlewares/Third_Party/FreeRTOS/Source/timers.o
 .bss.xLastTime.5443
                0x000000002000052c        0x4 Middlewares/Third_Party/FreeRTOS/Source/timers.o
 .bss.ucStaticTimerQueueStorage.5492
                0x0000000020000530       0x78 Middlewares/Third_Party/FreeRTOS/Source/timers.o
 .bss.xStaticTimerQueue.5491
                0x00000000200005a8       0x48 Middlewares/Third_Party/FreeRTOS/Source/timers.o
 .bss.ucMaxSysCallPriority
                0x00000000200005f0        0x1 Middlewares/Third_Party/FreeRTOS/Source/portable/GCC/ARM_CM3/port.o
 *fill*         0x00000000200005f1        0x3 
 .bss.ulMaxPRIGROUPValue
                0x00000000200005f4        0x4 Middlewares/Third_Party/FreeRTOS/Source/portable/GCC/ARM_CM3/port.o
 .bss.ucHeap    0x00000000200005f8      0xc00 Middlewares/Third_Party/FreeRTOS/Source/portable/MemMang/heap_4.o
 .bss.xStart    0x00000000200011f8        0x8 Middlewares/Third_Party/FreeRTOS/Source/portable/MemMang/heap_4.o
 .bss.pxEnd     0x0000000020001200        0x4 Middlewares/Third_Party/FreeRTOS/Source/portable/MemMang/heap_4.o
 .bss.xFreeBytesRemaining
                0x0000000020001204        0x4 Middlewares/Third_Party/FreeRTOS/Source/portable/MemMang/heap_4.o
 .bss.xMinimumEverFreeBytesRemaining
                0x0000000020001208        0x4 Middlewares/Third_Party/FreeRTOS/Source/portable/MemMang/heap_4.o
 .bss.xBlockAllocatedBit
                0x000000002000120c        0x4 Middlewares/Third_Party/FreeRTOS/Source/portable/MemMang/heap_4.o
 .bss.__malloc_free_list
                0x0000000020001210        0x4 c:/st/stm32cubeide_1.3.0/stm32cubeide/plugins/com.st.stm32cube.ide.mcu.externaltools.gnu-tools-for-stm32.7-2018-q2-update.win32_1.0.0.201904181610/tools/bin/../lib/gcc/arm-none-eabi/7.3.1/../../../../arm-none-eabi/lib/thumb/v7-m\libc_nano.a(lib_a-nano-mallocr.o)
                0x0000000020001210                __malloc_free_list
 .bss.__malloc_sbrk_start
                0x0000000020001214        0x4 c:/st/stm32cubeide_1.3.0/stm32cubeide/plugins/com.st.stm32cube.ide.mcu.externaltools.gnu-tools-for-stm32.7-2018-q2-update.win32_1.0.0.201904181610/tools/bin/../lib/gcc/arm-none-eabi/7.3.1/../../../../arm-none-eabi/lib/thumb/v7-m\libc_nano.a(lib_a-nano-mallocr.o)
                0x0000000020001214                __malloc_sbrk_start
 *(COMMON)
 COMMON         0x0000000020001218      0x1f8 Core/Src/main.o
                0x0000000020001218                meteoInDoor
                0x0000000020001224                ackData
                0x000000002000125c                sensorTempHandle
                0x0000000020001260                defaultTaskHandle
                0x0000000020001264                transmit_state
                0x0000000020001268                bmp_pool
                0x000000002000126c                current_data_rate
                0x0000000020001270                hdma_i2c1_tx
                0x00000000200012b4                hi2c1
                0x0000000020001308                msgRadioTransmitHandle
                0x000000002000130c                current_power
                0x0000000020001310                unixtime
                0x0000000020001314                realTimeClockHandle
                0x0000000020001318                MsgBox
                0x000000002000131c                myRadioHandle
                0x0000000020001320                lcd1602Handle
                0x0000000020001324                meteoOutDoor
                0x0000000020001330                current_channel
                0x0000000020001334                bmp180MailTempHandler
                0x0000000020001338                hdma_i2c1_rx
                0x000000002000137c                msgClockTickHandle
                0x0000000020001380                hspi1
                0x00000000200013d8                synchro_delta
                0x00000000200013dc                bmp180SensorHandle
                0x00000000200013e0                meteoData
 COMMON         0x0000000020001410        0x2 Core/Src/nrf24l01.o
                0x0000000020001410                dynamic_payloads_enabled
                0x0000000020001411                p_variant
 *fill*         0x0000000020001412        0x2 
 COMMON         0x0000000020001414       0x40 Core/Src/stm32f1xx_hal_timebase_tim.o
                0x0000000020001414                htim4
 COMMON         0x0000000020001454        0x4 Drivers/STM32F1xx_HAL_Driver/Src/stm32f1xx_hal.o
                0x0000000020001454                uwTick
 COMMON         0x0000000020001458       0x40 Middlewares/Third_Party/FreeRTOS/Source/queue.o
                0x0000000020001458                xQueueRegistry
 COMMON         0x0000000020001498        0x4 c:/st/stm32cubeide_1.3.0/stm32cubeide/plugins/com.st.stm32cube.ide.mcu.externaltools.gnu-tools-for-stm32.7-2018-q2-update.win32_1.0.0.201904181610/tools/bin/../lib/gcc/arm-none-eabi/7.3.1/../../../../arm-none-eabi/lib/thumb/v7-m\libc_nano.a(lib_a-reent.o)
                0x0000000020001498                errno
                0x000000002000149c                . = ALIGN (0x4)
                0x000000002000149c                _ebss = .
                0x000000002000149c                __bss_end__ = _ebss

._user_heap_stack
                0x000000002000149c      0x604 load address 0x000000000800b400
                0x00000000200014a0                . = ALIGN (0x8)
 *fill*         0x000000002000149c        0x4 
                0x00000000200014a0                PROVIDE (end = .)
                [!provide]                        PROVIDE (_end = .)
                0x00000000200016a0                . = (. + _Min_Heap_Size)
 *fill*         0x00000000200014a0      0x200 
                0x0000000020001aa0                . = (. + _Min_Stack_Size)
 *fill*         0x00000000200016a0      0x400 
                0x0000000020001aa0                . = ALIGN (0x8)

/DISCARD/
 libc.a(*)
 libm.a(*)
 libgcc.a(*)

.ARM.attributes
                0x0000000000000000       0x29
 *(.ARM.attributes)
 .ARM.attributes
                0x0000000000000000       0x1d c:/st/stm32cubeide_1.3.0/stm32cubeide/plugins/com.st.stm32cube.ide.mcu.externaltools.gnu-tools-for-stm32.7-2018-q2-update.win32_1.0.0.201904181610/tools/bin/../lib/gcc/arm-none-eabi/7.3.1/thumb/v7-m/crti.o
 .ARM.attributes
                0x000000000000001d       0x2d c:/st/stm32cubeide_1.3.0/stm32cubeide/plugins/com.st.stm32cube.ide.mcu.externaltools.gnu-tools-for-stm32.7-2018-q2-update.win32_1.0.0.201904181610/tools/bin/../lib/gcc/arm-none-eabi/7.3.1/thumb/v7-m/crtbegin.o
 .ARM.attributes
                0x000000000000004a       0x33 Core/Src/bmp180.o
 .ARM.attributes
                0x000000000000007d       0x33 Core/Src/freertos.o
 .ARM.attributes
                0x00000000000000b0       0x33 Core/Src/lcd_hd44780_i2c.o
 .ARM.attributes
                0x00000000000000e3       0x33 Core/Src/main.o
 .ARM.attributes
                0x0000000000000116       0x33 Core/Src/nrf24l01.o
 .ARM.attributes
                0x0000000000000149       0x33 Core/Src/stm32f1xx_hal_msp.o
 .ARM.attributes
                0x000000000000017c       0x33 Core/Src/stm32f1xx_hal_timebase_tim.o
 .ARM.attributes
                0x00000000000001af       0x33 Core/Src/stm32f1xx_it.o
 .ARM.attributes
                0x00000000000001e2       0x33 Core/Src/sysmem.o
 .ARM.attributes
                0x0000000000000215       0x33 Core/Src/system_stm32f1xx.o
 .ARM.attributes
                0x0000000000000248       0x21 Core/Startup/startup_stm32f103c8tx.o
 .ARM.attributes
                0x0000000000000269       0x33 Drivers/STM32F1xx_HAL_Driver/Src/stm32f1xx_hal.o
 .ARM.attributes
                0x000000000000029c       0x33 Drivers/STM32F1xx_HAL_Driver/Src/stm32f1xx_hal_cortex.o
 .ARM.attributes
                0x00000000000002cf       0x33 Drivers/STM32F1xx_HAL_Driver/Src/stm32f1xx_hal_dma.o
 .ARM.attributes
                0x0000000000000302       0x33 Drivers/STM32F1xx_HAL_Driver/Src/stm32f1xx_hal_gpio.o
 .ARM.attributes
                0x0000000000000335       0x33 Drivers/STM32F1xx_HAL_Driver/Src/stm32f1xx_hal_i2c.o
 .ARM.attributes
                0x0000000000000368       0x33 Drivers/STM32F1xx_HAL_Driver/Src/stm32f1xx_hal_rcc.o
 .ARM.attributes
                0x000000000000039b       0x33 Drivers/STM32F1xx_HAL_Driver/Src/stm32f1xx_hal_spi.o
 .ARM.attributes
                0x00000000000003ce       0x33 Drivers/STM32F1xx_HAL_Driver/Src/stm32f1xx_hal_tim.o
 .ARM.attributes
                0x0000000000000401       0x33 Drivers/STM32F1xx_HAL_Driver/Src/stm32f1xx_hal_tim_ex.o
 .ARM.attributes
                0x0000000000000434       0x33 Middlewares/Third_Party/FreeRTOS/Source/CMSIS_RTOS/cmsis_os.o
 .ARM.attributes
                0x0000000000000467       0x33 Middlewares/Third_Party/FreeRTOS/Source/list.o
 .ARM.attributes
                0x000000000000049a       0x33 Middlewares/Third_Party/FreeRTOS/Source/queue.o
 .ARM.attributes
                0x00000000000004cd       0x33 Middlewares/Third_Party/FreeRTOS/Source/tasks.o
 .ARM.attributes
                0x0000000000000500       0x33 Middlewares/Third_Party/FreeRTOS/Source/timers.o
 .ARM.attributes
                0x0000000000000533       0x33 Middlewares/Third_Party/FreeRTOS/Source/portable/GCC/ARM_CM3/port.o
 .ARM.attributes
                0x0000000000000566       0x33 Middlewares/Third_Party/FreeRTOS/Source/portable/MemMang/heap_4.o
 .ARM.attributes
                0x0000000000000599       0x2d c:/st/stm32cubeide_1.3.0/stm32cubeide/plugins/com.st.stm32cube.ide.mcu.externaltools.gnu-tools-for-stm32.7-2018-q2-update.win32_1.0.0.201904181610/tools/bin/../lib/gcc/arm-none-eabi/7.3.1/../../../../arm-none-eabi/lib/thumb/v7-m\libc_nano.a(lib_a-errno.o)
 .ARM.attributes
                0x00000000000005c6       0x2d c:/st/stm32cubeide_1.3.0/stm32cubeide/plugins/com.st.stm32cube.ide.mcu.externaltools.gnu-tools-for-stm32.7-2018-q2-update.win32_1.0.0.201904181610/tools/bin/../lib/gcc/arm-none-eabi/7.3.1/../../../../arm-none-eabi/lib/thumb/v7-m\libc_nano.a(lib_a-impure.o)
 .ARM.attributes
                0x00000000000005f3       0x2d c:/st/stm32cubeide_1.3.0/stm32cubeide/plugins/com.st.stm32cube.ide.mcu.externaltools.gnu-tools-for-stm32.7-2018-q2-update.win32_1.0.0.201904181610/tools/bin/../lib/gcc/arm-none-eabi/7.3.1/../../../../arm-none-eabi/lib/thumb/v7-m\libc_nano.a(lib_a-init.o)
 .ARM.attributes
                0x0000000000000620       0x2d c:/st/stm32cubeide_1.3.0/stm32cubeide/plugins/com.st.stm32cube.ide.mcu.externaltools.gnu-tools-for-stm32.7-2018-q2-update.win32_1.0.0.201904181610/tools/bin/../lib/gcc/arm-none-eabi/7.3.1/../../../../arm-none-eabi/lib/thumb/v7-m\libc_nano.a(lib_a-memcpy-stub.o)
 .ARM.attributes
                0x000000000000064d       0x2d c:/st/stm32cubeide_1.3.0/stm32cubeide/plugins/com.st.stm32cube.ide.mcu.externaltools.gnu-tools-for-stm32.7-2018-q2-update.win32_1.0.0.201904181610/tools/bin/../lib/gcc/arm-none-eabi/7.3.1/../../../../arm-none-eabi/lib/thumb/v7-m\libc_nano.a(lib_a-memset.o)
 .ARM.attributes
                0x000000000000067a       0x2d c:/st/stm32cubeide_1.3.0/stm32cubeide/plugins/com.st.stm32cube.ide.mcu.externaltools.gnu-tools-for-stm32.7-2018-q2-update.win32_1.0.0.201904181610/tools/bin/../lib/gcc/arm-none-eabi/7.3.1/../../../../arm-none-eabi/lib/thumb/v7-m\libc_nano.a(lib_a-s_modf.o)
 .ARM.attributes
                0x00000000000006a7       0x2d c:/st/stm32cubeide_1.3.0/stm32cubeide/plugins/com.st.stm32cube.ide.mcu.externaltools.gnu-tools-for-stm32.7-2018-q2-update.win32_1.0.0.201904181610/tools/bin/../lib/gcc/arm-none-eabi/7.3.1/../../../../arm-none-eabi/lib/thumb/v7-m\libc_nano.a(lib_a-sprintf.o)
 .ARM.attributes
                0x00000000000006d4       0x17 c:/st/stm32cubeide_1.3.0/stm32cubeide/plugins/com.st.stm32cube.ide.mcu.externaltools.gnu-tools-for-stm32.7-2018-q2-update.win32_1.0.0.201904181610/tools/bin/../lib/gcc/arm-none-eabi/7.3.1/../../../../arm-none-eabi/lib/thumb/v7-m\libc_nano.a(lib_a-strlen.o)
 .ARM.attributes
                0x00000000000006eb       0x2d c:/st/stm32cubeide_1.3.0/stm32cubeide/plugins/com.st.stm32cube.ide.mcu.externaltools.gnu-tools-for-stm32.7-2018-q2-update.win32_1.0.0.201904181610/tools/bin/../lib/gcc/arm-none-eabi/7.3.1/../../../../arm-none-eabi/lib/thumb/v7-m\libc_nano.a(lib_a-nano-svfprintf.o)
 .ARM.attributes
                0x0000000000000718       0x2d c:/st/stm32cubeide_1.3.0/stm32cubeide/plugins/com.st.stm32cube.ide.mcu.externaltools.gnu-tools-for-stm32.7-2018-q2-update.win32_1.0.0.201904181610/tools/bin/../lib/gcc/arm-none-eabi/7.3.1/../../../../arm-none-eabi/lib/thumb/v7-m\libc_nano.a(lib_a-nano-vfprintf_i.o)
 .ARM.attributes
                0x0000000000000745       0x2d c:/st/stm32cubeide_1.3.0/stm32cubeide/plugins/com.st.stm32cube.ide.mcu.externaltools.gnu-tools-for-stm32.7-2018-q2-update.win32_1.0.0.201904181610/tools/bin/../lib/gcc/arm-none-eabi/7.3.1/../../../../arm-none-eabi/lib/thumb/v7-m\libc_nano.a(lib_a-memchr-stub.o)
 .ARM.attributes
                0x0000000000000772       0x2d c:/st/stm32cubeide_1.3.0/stm32cubeide/plugins/com.st.stm32cube.ide.mcu.externaltools.gnu-tools-for-stm32.7-2018-q2-update.win32_1.0.0.201904181610/tools/bin/../lib/gcc/arm-none-eabi/7.3.1/../../../../arm-none-eabi/lib/thumb/v7-m\libc_nano.a(lib_a-memmove.o)
 .ARM.attributes
                0x000000000000079f       0x2d c:/st/stm32cubeide_1.3.0/stm32cubeide/plugins/com.st.stm32cube.ide.mcu.externaltools.gnu-tools-for-stm32.7-2018-q2-update.win32_1.0.0.201904181610/tools/bin/../lib/gcc/arm-none-eabi/7.3.1/../../../../arm-none-eabi/lib/thumb/v7-m\libc_nano.a(lib_a-nano-freer.o)
 .ARM.attributes
                0x00000000000007cc       0x2d c:/st/stm32cubeide_1.3.0/stm32cubeide/plugins/com.st.stm32cube.ide.mcu.externaltools.gnu-tools-for-stm32.7-2018-q2-update.win32_1.0.0.201904181610/tools/bin/../lib/gcc/arm-none-eabi/7.3.1/../../../../arm-none-eabi/lib/thumb/v7-m\libc_nano.a(lib_a-nano-mallocr.o)
 .ARM.attributes
                0x00000000000007f9       0x2d c:/st/stm32cubeide_1.3.0/stm32cubeide/plugins/com.st.stm32cube.ide.mcu.externaltools.gnu-tools-for-stm32.7-2018-q2-update.win32_1.0.0.201904181610/tools/bin/../lib/gcc/arm-none-eabi/7.3.1/../../../../arm-none-eabi/lib/thumb/v7-m\libc_nano.a(lib_a-nano-reallocr.o)
 .ARM.attributes
                0x0000000000000826       0x2d c:/st/stm32cubeide_1.3.0/stm32cubeide/plugins/com.st.stm32cube.ide.mcu.externaltools.gnu-tools-for-stm32.7-2018-q2-update.win32_1.0.0.201904181610/tools/bin/../lib/gcc/arm-none-eabi/7.3.1/../../../../arm-none-eabi/lib/thumb/v7-m\libc_nano.a(lib_a-sbrkr.o)
 .ARM.attributes
                0x0000000000000853       0x2d c:/st/stm32cubeide_1.3.0/stm32cubeide/plugins/com.st.stm32cube.ide.mcu.externaltools.gnu-tools-for-stm32.7-2018-q2-update.win32_1.0.0.201904181610/tools/bin/../lib/gcc/arm-none-eabi/7.3.1/../../../../arm-none-eabi/lib/thumb/v7-m\libc_nano.a(lib_a-mlock.o)
 .ARM.attributes