main.c:109:5:main	184	static
main.c:217:6:SystemClock_Config	72	static
main.c:255:13:MX_I2C1_Init	8	static
main.c:289:13:MX_SPI1_Init	8	static
main.c:325:13:MX_DMA_Init	16	static
main.c:346:13:MX_GPIO_Init	40	static
main.c:388:9:I2C_Scan	24	static
main.c:405:6:I2C_Error	16	static
main.c:416:6:StartDefaultTask	56	static
main.c:463:6:StartLcd1602	80	static
main.c:506:6:StartBmp180Sensor	104	static
main.c:545:6:StartRadio	48	static
main.c:582:6:CallbackTimerClock	16	static
main.c:600:6:HAL_TIM_PeriodElapsedCallback	16	static
main.c:617:6:Error_Handler	4	static
